18:27:30 **** Incremental Build of configuration Debug for project 006_HSE_measurement ****
make -j8 all 
arm-none-eabi-gcc "../Src/main.c" -mcpu=cortex-m4 -std=gnu11 -g3 -DDEBUG -DSTM32 -DSTM32F407G_DISC1 -DSTM32F4 -DSTM32F407VGTx -c -I../Inc -O0 -ffunction-sections -fdata-sections -Wall -fstack-usage -fcyclomatic-complexity -MMD -MP -MF"Src/main.d" -MT"Src/main.o" --specs=nano.specs -mfpu=fpv4-sp-d16 -mfloat-abi=hard -mthumb -o "Src/main.o"
../Src/main.c:22:4: warning: #warning "FPU is not initialized, but the project is compiling for an FPU. Please initialize the FPU before use." [-Wcpp]
   22 |   #warning "FPU is not initialized, but the project is compiling for an FPU. Please initialize the FPU before use."
      |    ^~~~~~~
arm-none-eabi-gcc -o "006_HSE_measurement.elf" @"objects.list"   -mcpu=cortex-m4 -T"D:\Users\ASUS\Documents\MCU1\My_workspace\006_HSE_measurement\STM32F407VGTX_FLASH.ld" --specs=nosys.specs -Wl,-Map="006_HSE_measurement.map" -Wl,--gc-sections -static --specs=nano.specs -mfpu=fpv4-sp-d16 -mfloat-abi=hard -mthumb -Wl,--start-group -lc -lm -Wl,--end-group
Finished building target: 006_HSE_measurement.elf
 
arm-none-eabi-size  006_HSE_measurement.elf 
arm-none-eabi-objdump -h -S 006_HSE_measurement.elf  > "006_HSE_measurement.list"
   text	   data	    bss	    dec	    hex	filename
    816	      0	   1568	   2384	    950	006_HSE_measurement.elf
Finished building: default.size.stdout
 
Finished building: 006_HSE_measurement.list
 

18:27:33 Build Finished. 0 errors, 1 warnings. (took 2s.893ms)

