Archive member included to satisfy reference by file (symbol)

D:/ST/STM32CubeIDE_1.16.0/STM32CubeIDE/plugins/com.st.stm32cube.ide.mcu.externaltools.gnu-tools-for-stm32.12.3.rel1.win32_1.0.200.202406191623/tools/bin/../lib/gcc/arm-none-eabi/12.3.1/../../../../arm-none-eabi/lib/thumb/v7e-m/nofp\libc_nano.a(libc_a-exit.o)
                              D:/ST/STM32CubeIDE_1.16.0/STM32CubeIDE/plugins/com.st.stm32cube.ide.mcu.externaltools.gnu-tools-for-stm32.12.3.rel1.win32_1.0.200.202406191623/tools/bin/../lib/gcc/arm-none-eabi/12.3.1/../../../../arm-none-eabi/lib/thumb/v7e-m/nofp/crt0.o (exit)
D:/ST/STM32CubeIDE_1.16.0/STM32CubeIDE/plugins/com.st.stm32cube.ide.mcu.externaltools.gnu-tools-for-stm32.12.3.rel1.win32_1.0.200.202406191623/tools/bin/../lib/gcc/arm-none-eabi/12.3.1/../../../../arm-none-eabi/lib/thumb/v7e-m/nofp\libc_nano.a(libc_a-findfp.o)
                              D:/ST/STM32CubeIDE_1.16.0/STM32CubeIDE/plugins/com.st.stm32cube.ide.mcu.externaltools.gnu-tools-for-stm32.12.3.rel1.win32_1.0.200.202406191623/tools/bin/../lib/gcc/arm-none-eabi/12.3.1/../../../../arm-none-eabi/lib/thumb/v7e-m/nofp\libc_nano.a(libc_a-exit.o) (__stdio_exit_handler)
D:/ST/STM32CubeIDE_1.16.0/STM32CubeIDE/plugins/com.st.stm32cube.ide.mcu.externaltools.gnu-tools-for-stm32.12.3.rel1.win32_1.0.200.202406191623/tools/bin/../lib/gcc/arm-none-eabi/12.3.1/../../../../arm-none-eabi/lib/thumb/v7e-m/nofp\libc_nano.a(libc_a-fwalk.o)
                              D:/ST/STM32CubeIDE_1.16.0/STM32CubeIDE/plugins/com.st.stm32cube.ide.mcu.externaltools.gnu-tools-for-stm32.12.3.rel1.win32_1.0.200.202406191623/tools/bin/../lib/gcc/arm-none-eabi/12.3.1/../../../../arm-none-eabi/lib/thumb/v7e-m/nofp\libc_nano.a(libc_a-findfp.o) (_fwalk_sglue)
D:/ST/STM32CubeIDE_1.16.0/STM32CubeIDE/plugins/com.st.stm32cube.ide.mcu.externaltools.gnu-tools-for-stm32.12.3.rel1.win32_1.0.200.202406191623/tools/bin/../lib/gcc/arm-none-eabi/12.3.1/../../../../arm-none-eabi/lib/thumb/v7e-m/nofp\libc_nano.a(libc_a-puts.o)
                              ./Src/016_rtc_lcd.o (puts)
D:/ST/STM32CubeIDE_1.16.0/STM32CubeIDE/plugins/com.st.stm32cube.ide.mcu.externaltools.gnu-tools-for-stm32.12.3.rel1.win32_1.0.200.202406191623/tools/bin/../lib/gcc/arm-none-eabi/12.3.1/../../../../arm-none-eabi/lib/thumb/v7e-m/nofp\libc_nano.a(libc_a-stdio.o)
                              D:/ST/STM32CubeIDE_1.16.0/STM32CubeIDE/plugins/com.st.stm32cube.ide.mcu.externaltools.gnu-tools-for-stm32.12.3.rel1.win32_1.0.200.202406191623/tools/bin/../lib/gcc/arm-none-eabi/12.3.1/../../../../arm-none-eabi/lib/thumb/v7e-m/nofp\libc_nano.a(libc_a-findfp.o) (__sread)
D:/ST/STM32CubeIDE_1.16.0/STM32CubeIDE/plugins/com.st.stm32cube.ide.mcu.externaltools.gnu-tools-for-stm32.12.3.rel1.win32_1.0.200.202406191623/tools/bin/../lib/gcc/arm-none-eabi/12.3.1/../../../../arm-none-eabi/lib/thumb/v7e-m/nofp\libc_nano.a(libc_a-wbuf.o)
                              D:/ST/STM32CubeIDE_1.16.0/STM32CubeIDE/plugins/com.st.stm32cube.ide.mcu.externaltools.gnu-tools-for-stm32.12.3.rel1.win32_1.0.200.202406191623/tools/bin/../lib/gcc/arm-none-eabi/12.3.1/../../../../arm-none-eabi/lib/thumb/v7e-m/nofp\libc_nano.a(libc_a-puts.o) (__swbuf_r)
D:/ST/STM32CubeIDE_1.16.0/STM32CubeIDE/plugins/com.st.stm32cube.ide.mcu.externaltools.gnu-tools-for-stm32.12.3.rel1.win32_1.0.200.202406191623/tools/bin/../lib/gcc/arm-none-eabi/12.3.1/../../../../arm-none-eabi/lib/thumb/v7e-m/nofp\libc_nano.a(libc_a-wsetup.o)
                              D:/ST/STM32CubeIDE_1.16.0/STM32CubeIDE/plugins/com.st.stm32cube.ide.mcu.externaltools.gnu-tools-for-stm32.12.3.rel1.win32_1.0.200.202406191623/tools/bin/../lib/gcc/arm-none-eabi/12.3.1/../../../../arm-none-eabi/lib/thumb/v7e-m/nofp\libc_nano.a(libc_a-puts.o) (__swsetup_r)
D:/ST/STM32CubeIDE_1.16.0/STM32CubeIDE/plugins/com.st.stm32cube.ide.mcu.externaltools.gnu-tools-for-stm32.12.3.rel1.win32_1.0.200.202406191623/tools/bin/../lib/gcc/arm-none-eabi/12.3.1/../../../../arm-none-eabi/lib/thumb/v7e-m/nofp\libc_nano.a(libc_a-memset.o)
                              D:/ST/STM32CubeIDE_1.16.0/STM32CubeIDE/plugins/com.st.stm32cube.ide.mcu.externaltools.gnu-tools-for-stm32.12.3.rel1.win32_1.0.200.202406191623/tools/bin/../lib/gcc/arm-none-eabi/12.3.1/../../../../arm-none-eabi/lib/thumb/v7e-m/nofp/crt0.o (memset)
D:/ST/STM32CubeIDE_1.16.0/STM32CubeIDE/plugins/com.st.stm32cube.ide.mcu.externaltools.gnu-tools-for-stm32.12.3.rel1.win32_1.0.200.202406191623/tools/bin/../lib/gcc/arm-none-eabi/12.3.1/../../../../arm-none-eabi/lib/thumb/v7e-m/nofp\libc_nano.a(libc_a-closer.o)
                              D:/ST/STM32CubeIDE_1.16.0/STM32CubeIDE/plugins/com.st.stm32cube.ide.mcu.externaltools.gnu-tools-for-stm32.12.3.rel1.win32_1.0.200.202406191623/tools/bin/../lib/gcc/arm-none-eabi/12.3.1/../../../../arm-none-eabi/lib/thumb/v7e-m/nofp\libc_nano.a(libc_a-stdio.o) (_close_r)
[...]
Memory Configuration

Name             Origin             Length             Attributes
CCMRAM           0x10000000         0x00010000         xrw
RAM              0x20000000         0x00020000         xrw
FLASH            0x08000000         0x00100000         xr
*default*        0x00000000         0xffffffff

Linker script and memory map

LOAD D:/ST/STM32CubeIDE_1.16.0/STM32CubeIDE/plugins/com.st.stm32cube.ide.mcu.externaltools.gnu-tools-for-stm32.12.3.rel1.win32_1.0.200.202406191623/tools/bin/../lib/gcc/arm-none-eabi/12.3.1/thumb/v7e-m/nofp/crti.o
LOAD D:/ST/STM32CubeIDE_1.16.0/STM32CubeIDE/plugins/com.st.stm32cube.ide.mcu.externaltools.gnu-tools-for-stm32.12.3.rel1.win32_1.0.200.202406191623/tools/bin/../lib/gcc/arm-none-eabi/12.3.1/thumb/v7e-m/nofp/crtbegin.o
LOAD D:/ST/STM32CubeIDE_1.16.0/STM32CubeIDE/plugins/com.st.stm32cube.ide.mcu.externaltools.gnu-tools-for-stm32.12.3.rel1.win32_1.0.200.202406191623/tools/bin/../lib/gcc/arm-none-eabi/12.3.1/../../../../arm-none-eabi/lib/thumb/v7e-m/nofp/crt0.o
LOAD ./BSP/ds1307.o
LOAD ./BSP/lcd.o
LOAD ./Src/016_rtc_lcd.o
LOAD ./Src/syscalls.o
LOAD ./Src/sysmem.o
LOAD ./Startup/startup_stm32f407vgtx.o
LOAD ./drivers/Src/stm32f407xx_gpio_driver.o
LOAD ./drivers/Src/stm32f407xx_i2c_driver.o
LOAD ./drivers/Src/stm32f407xx_rcc_driver.o
LOAD ./drivers/Src/stm32f407xx_spi_driver.o
LOAD ./drivers/Src/stm32f407xx_usart_driver.o
START GROUP
LOAD D:/ST/STM32CubeIDE_1.16.0/STM32CubeIDE/plugins/com.st.stm32cube.ide.mcu.externaltools.gnu-tools-for-stm32.12.3.rel1.win32_1.0.200.202406191623/tools/bin/../lib/gcc/arm-none-eabi/12.3.1/../../../../arm-none-eabi/lib/thumb/v7e-m/nofp\libc_nano.a
LOAD D:/ST/STM32CubeIDE_1.16.0/STM32CubeIDE/plugins/com.st.stm32cube.ide.mcu.externaltools.gnu-tools-for-stm32.12.3.rel1.win32_1.0.200.202406191623/tools/bin/../lib/gcc/arm-none-eabi/12.3.1/../../../../arm-none-eabi/lib/thumb/v7e-m/nofp\libm.a
END GROUP
START GROUP
LOAD D:/ST/STM32CubeIDE_1.16.0/STM32CubeIDE/plugins/com.st.stm32cube.ide.mcu.externaltools.gnu-tools-for-stm32.12.3.rel1.win32_1.0.200.202406191623/tools/bin/../lib/gcc/arm-none-eabi/12.3.1/thumb/v7e-m/nofp\libgcc.a
LOAD D:/ST/STM32CubeIDE_1.16.0/STM32CubeIDE/plugins/com.st.stm32cube.ide.mcu.externaltools.gnu-tools-for-stm32.12.3.rel1.win32_1.0.200.202406191623/tools/bin/../lib/gcc/arm-none-eabi/12.3.1/../../../../arm-none-eabi/lib/thumb/v7e-m/nofp\libc_nano.a
END GROUP
START GROUP
LOAD D:/ST/STM32CubeIDE_1.16.0/STM32CubeIDE/plugins/com.st.stm32cube.ide.mcu.externaltools.gnu-tools-for-stm32.12.3.rel1.win32_1.0.200.202406191623/tools/bin/../lib/gcc/arm-none-eabi/12.3.1/thumb/v7e-m/nofp\libgcc.a
LOAD D:/ST/STM32CubeIDE_1.16.0/STM32CubeIDE/plugins/com.st.stm32cube.ide.mcu.externaltools.gnu-tools-for-stm32.12.3.rel1.win32_1.0.200.202406191623/tools/bin/../lib/gcc/arm-none-eabi/12.3.1/../../../../arm-none-eabi/lib/thumb/v7e-m/nofp\libc_nano.a
LOAD D:/ST/STM32CubeIDE_1.16.0/STM32CubeIDE/plugins/com.st.stm32cube.ide.mcu.externaltools.gnu-tools-for-stm32.12.3.rel1.win32_1.0.200.202406191623/tools/bin/../lib/gcc/arm-none-eabi/12.3.1/../../../../arm-none-eabi/lib/thumb/v7e-m/nofp\libnosys.a
END GROUP
START GROUP
LOAD D:/ST/STM32CubeIDE_1.16.0/STM32CubeIDE/plugins/com.st.stm32cube.ide.mcu.externaltools.gnu-tools-for-stm32.12.3.rel1.win32_1.0.200.202406191623/tools/bin/../lib/gcc/arm-none-eabi/12.3.1/thumb/v7e-m/nofp\libgcc.a
LOAD D:/ST/STM32CubeIDE_1.16.0/STM32CubeIDE/plugins/com.st.stm32cube.ide.mcu.externaltools.gnu-tools-for-stm32.12.3.rel1.win32_1.0.200.202406191623/tools/bin/../lib/gcc/arm-none-eabi/12.3.1/../../../../arm-none-eabi/lib/thumb/v7e-m/nofp\libc_nano.a
LOAD D:/ST/STM32CubeIDE_1.16.0/STM32CubeIDE/plugins/com.st.stm32cube.ide.mcu.externaltools.gnu-tools-for-stm32.12.3.rel1.win32_1.0.200.202406191623/tools/bin/../lib/gcc/arm-none-eabi/12.3.1/../../../../arm-none-eabi/lib/thumb/v7e-m/nofp\libnosys.a
END GROUP
LOAD D:/ST/STM32CubeIDE_1.16.0/STM32CubeIDE/plugins/com.st.stm32cube.ide.mcu.externaltools.gnu-tools-for-stm32.12.3.rel1.win32_1.0.200.202406191623/tools/bin/../lib/gcc/arm-none-eabi/12.3.1/thumb/v7e-m/nofp/crtend.o
LOAD D:/ST/STM32CubeIDE_1.16.0/STM32CubeIDE/plugins/com.st.stm32cube.ide.mcu.externaltools.gnu-tools-for-stm32.12.3.rel1.win32_1.0.200.202406191623/tools/bin/../lib/gcc/arm-none-eabi/12.3.1/thumb/v7e-m/nofp/crtn.o
                0x20020000                        _estack = (ORIGIN (RAM) + LENGTH (RAM))
                0x00000200                        _Min_Heap_Size = 0x200
                0x00000400                        _Min_Stack_Size = 0x400

.isr_vector     0x08000000      0x188
                0x08000000                        . = ALIGN (0x4)
 *(.isr_vector)
 .isr_vector    0x08000000      0x188 ./Startup/startup_stm32f407vgtx.o
                0x08000000                g_pfnVectors
                0x08000188                        . = ALIGN (0x4)

.text           0x08000188     0x2154
                0x08000188                        . = ALIGN (0x4)
 *(.text)
 .text          0x08000188       0x40 D:/ST/STM32CubeIDE_1.16.0/STM32CubeIDE/plugins/com.st.stm32cube.ide.mcu.externaltools.gnu-tools-for-stm32.12.3.rel1.win32_1.0.200.202406191623/tools/bin/../lib/gcc/arm-none-eabi/12.3.1/thumb/v7e-m/nofp/crtbegin.o
 *(.text*)
 .text.ds1307_i2c_pin_config
                0x080001c8       0x50 ./BSP/ds1307.o
 .text.ds1307_i2c_config
                0x08000218       0x2c ./BSP/ds1307.o
 .text.ds1307_init
                0x08000244       0x3c ./BSP/ds1307.o
                0x08000244                ds1307_init
 .text.ds1307_set_current_time
                0x08000280       0x92 ./BSP/ds1307.o
                0x08000280                ds1307_set_current_time
 .text.ds1307_set_current_date
                0x08000312       0x60 ./BSP/ds1307.o
                0x08000312                ds1307_set_current_date
 .text.ds1307_get_current_time
                0x08000372       0x8c ./BSP/ds1307.o
                0x08000372                ds1307_get_current_time
 .text.ds1307_get_current_date
                0x080003fe       0x68 ./BSP/ds1307.o
                0x080003fe                ds1307_get_current_date
 *fill*         0x08000466        0x2 
 .text.ds1307_write
                0x08000468       0x38 ./BSP/ds1307.o
 .text.ds1307_read
                0x080004a0       0x3c ./BSP/ds1307.o
 .text.binary_to_bcd
                0x080004dc       0x58 ./BSP/ds1307.o
 .text.bcd_to_binary
                0x08000534       0x34 ./BSP/ds1307.o
 .text.lcd_send_command
                0x08000568       0x44 ./BSP/lcd.o
                0x08000568                lcd_send_command
 .text.lcd_print_char
                0x080005ac       0x44 ./BSP/lcd.o
                0x080005ac                lcd_print_char
 .text.lcd_print_string
                0x080005f0       0x28 ./BSP/lcd.o
                0x080005f0                lcd_print_string
 .text.lcd_init
                0x08000618      0x114 ./BSP/lcd.o
                0x08000618                lcd_init
 .text.write_4_bits
                0x0800072c       0x70 ./BSP/lcd.o
 .text.lcd_display_clear
                0x0800079c       0x14 ./BSP/lcd.o
                0x0800079c                lcd_display_clear
 .text.lcd_display_return_home
                0x080007b0       0x14 ./BSP/lcd.o
                0x080007b0                lcd_display_return_home
 .text.lcd_set_cursor
                0x080007c4       0x4e ./BSP/lcd.o
                0x080007c4                lcd_set_cursor
 *fill*         0x08000812        0x2 
 .text.lcd_enable
                0x08000814       0x2c ./BSP/lcd.o
 .text.mdelay   0x08000840       0x30 ./BSP/lcd.o
 .text.udelay   0x08000870       0x28 ./BSP/lcd.o
 .text.init_systick_timer
                0x08000898       0x68 ./Src/016_rtc_lcd.o
                0x08000898                init_systick_timer
 .text.get_day_of_week
                0x08000900       0x3c ./Src/016_rtc_lcd.o
                0x08000900                get_day_of_week
 .text.number_to_string
                0x0800093c       0x74 ./Src/016_rtc_lcd.o
                0x0800093c                number_to_string
 .text.time_to_string
                0x080009b0       0x54 ./Src/016_rtc_lcd.o
                0x080009b0                time_to_string
 .text.date_to_string
                0x08000a04       0x54 ./Src/016_rtc_lcd.o
                0x08000a04                date_to_string
 .text.mdelay   0x08000a58       0x30 ./Src/016_rtc_lcd.o
 .text.main     0x08000a88       0xec ./Src/016_rtc_lcd.o
                0x08000a88                main
 .text.SysTick_Handler
                0x08000b74       0xac ./Src/016_rtc_lcd.o
                0x08000b74                SysTick_Handler
 .text.ITM_SendChar
                0x08000c20       0x4c ./Src/syscalls.o
                0x08000c20                ITM_SendChar
 .text._read    0x08000c6c       0x3a ./Src/syscalls.o
                0x08000c6c                _read
 .text._write   0x08000ca6       0x38 ./Src/syscalls.o
                0x08000ca6                _write
 .text._close   0x08000cde       0x16 ./Src/syscalls.o
                0x08000cde                _close
 .text._fstat   0x08000cf4       0x1e ./Src/syscalls.o
                0x08000cf4                _fstat
 .text._isatty  0x08000d12       0x14 ./Src/syscalls.o
                0x08000d12                _isatty
 .text._lseek   0x08000d26       0x18 ./Src/syscalls.o
                0x08000d26                _lseek
 *fill*         0x08000d3e        0x2 
 .text._sbrk    0x08000d40       0x6c ./Src/sysmem.o
                0x08000d40                _sbrk
 .text.Reset_Handler
                0x08000dac       0x50 ./Startup/startup_stm32f407vgtx.o
                0x08000dac                Reset_Handler
 .text.Default_Handler
                0x08000dfc        0x2 ./Startup/startup_stm32f407vgtx.o
                0x08000dfc                RTC_Alarm_IRQHandler
                0x08000dfc                HASH_RNG_IRQHandler
                0x08000dfc                EXTI2_IRQHandler
                0x08000dfc                TIM8_CC_IRQHandler
                0x08000dfc                DebugMon_Handler
                0x08000dfc                TIM1_CC_IRQHandler
                0x08000dfc                DMA2_Stream5_IRQHandler
                0x08000dfc                HardFault_Handler
                0x08000dfc                DMA1_Stream5_IRQHandler
                0x08000dfc                PVD_IRQHandler
                0x08000dfc                SDIO_IRQHandler
                0x08000dfc                TAMP_STAMP_IRQHandler
                0x08000dfc                PendSV_Handler
                0x08000dfc                NMI_Handler
                0x08000dfc                CAN2_RX1_IRQHandler
                0x08000dfc                EXTI3_IRQHandler
                0x08000dfc                TIM8_TRG_COM_TIM14_IRQHandler
                0x08000dfc                TIM1_UP_TIM10_IRQHandler
                0x08000dfc                TIM8_UP_TIM13_IRQHandler
                0x08000dfc                I2C3_ER_IRQHandler
                0x08000dfc                EXTI0_IRQHandler
                0x08000dfc                I2C2_EV_IRQHandler
                0x08000dfc                DMA1_Stream2_IRQHandler
                0x08000dfc                CAN1_RX0_IRQHandler
                0x08000dfc                FPU_IRQHandler
                0x08000dfc                OTG_HS_WKUP_IRQHandler
                0x08000dfc                UsageFault_Handler
                0x08000dfc                CAN2_SCE_IRQHandler
                0x08000dfc                DMA2_Stream2_IRQHandler
                0x08000dfc                SPI1_IRQHandler
                0x08000dfc                TIM6_DAC_IRQHandler
                0x08000dfc                TIM1_BRK_TIM9_IRQHandler
                0x08000dfc                DCMI_IRQHandler
                0x08000dfc                CAN2_RX0_IRQHandler
                0x08000dfc                DMA2_Stream3_IRQHandler
                0x08000dfc                USART6_IRQHandler
                0x08000dfc                USART3_IRQHandler
                0x08000dfc                CRYP_IRQHandler
                0x08000dfc                CAN1_RX1_IRQHandler
                0x08000dfc                UART5_IRQHandler
                0x08000dfc                DMA2_Stream0_IRQHandler
                0x08000dfc                TIM4_IRQHandler
                0x08000dfc                I2C1_EV_IRQHandler
                0x08000dfc                DMA1_Stream6_IRQHandler
                0x08000dfc                DMA1_Stream1_IRQHandler
                0x08000dfc                UART4_IRQHandler
                0x08000dfc                TIM3_IRQHandler
                0x08000dfc                RCC_IRQHandler
                0x08000dfc                TIM8_BRK_TIM12_IRQHandler
                0x08000dfc                Default_Handler
                0x08000dfc                EXTI15_10_IRQHandler
                0x08000dfc                ADC_IRQHandler
                0x08000dfc                DMA1_Stream7_IRQHandler
                0x08000dfc                TIM7_IRQHandler
                0x08000dfc                CAN2_TX_IRQHandler
                0x08000dfc                TIM5_IRQHandler
                0x08000dfc                DMA2_Stream7_IRQHandler
                0x08000dfc                I2C3_EV_IRQHandler
                0x08000dfc                EXTI9_5_IRQHandler
                0x08000dfc                RTC_WKUP_IRQHandler
                0x08000dfc                ETH_WKUP_IRQHandler
                0x08000dfc                SPI2_IRQHandler
                0x08000dfc                OTG_HS_EP1_IN_IRQHandler
                0x08000dfc                MemManage_Handler
                0x08000dfc                DMA1_Stream0_IRQHandler
                0x08000dfc                CAN1_TX_IRQHandler
                0x08000dfc                SVC_Handler
                0x08000dfc                EXTI4_IRQHandler
                0x08000dfc                FSMC_IRQHandler
                0x08000dfc                ETH_IRQHandler
                0x08000dfc                OTG_HS_EP1_OUT_IRQHandler
                0x08000dfc                WWDG_IRQHandler
                0x08000dfc                TIM2_IRQHandler
                0x08000dfc                OTG_FS_WKUP_IRQHandler
                0x08000dfc                TIM1_TRG_COM_TIM11_IRQHandler
                0x08000dfc                OTG_HS_IRQHandler
                0x08000dfc                EXTI1_IRQHandler
                0x08000dfc                USART2_IRQHandler
                0x08000dfc                I2C2_ER_IRQHandler
                0x08000dfc                DMA2_Stream1_IRQHandler
                0x08000dfc                CAN1_SCE_IRQHandler
                0x08000dfc                DMA2_Stream4_IRQHandler
                0x08000dfc                BusFault_Handler
                0x08000dfc                USART1_IRQHandler
                0x08000dfc                OTG_FS_IRQHandler
                0x08000dfc                SPI3_IRQHandler
                0x08000dfc                DMA1_Stream4_IRQHandler
                0x08000dfc                I2C1_ER_IRQHandler
                0x08000dfc                DMA2_Stream6_IRQHandler
                0x08000dfc                DMA1_Stream3_IRQHandler
 *fill*         0x08000dfe        0x2 
 .text.GPIO_PeriClockControl
                0x08000e00      0x1a0 ./drivers/Src/stm32f407xx_gpio_driver.o
                0x08000e00                GPIO_PeriClockControl
 .text.GPIO_Init
                0x08000fa0      0x338 ./drivers/Src/stm32f407xx_gpio_driver.o
                0x08000fa0                GPIO_Init
 .text.GPIO_WriteToOutputPin
                0x080012d8       0x48 ./drivers/Src/stm32f407xx_gpio_driver.o
                0x080012d8                GPIO_WriteToOutputPin
 .text.I2C_GenerateStartCondition
                0x08001320       0x1e ./drivers/Src/stm32f407xx_i2c_driver.o
                0x08001320                I2C_GenerateStartCondition
 .text.I2C_GenerateStopCondition
                0x0800133e       0x1e ./drivers/Src/stm32f407xx_i2c_driver.o
                0x0800133e                I2C_GenerateStopCondition
 .text.I2C_ExecuteAddressPhaseWrite
                0x0800135c       0x2a ./drivers/Src/stm32f407xx_i2c_driver.o
 .text.I2C_ExecuteAddressPhaseRead
                0x08001386       0x2a ./drivers/Src/stm32f407xx_i2c_driver.o
 .text.I2C_ClearADDRFlag
                0x080013b0       0x6e ./drivers/Src/stm32f407xx_i2c_driver.o
 *fill*         0x0800141e        0x2 
 .text.I2C_PeriClockControl
                0x08001420       0xb0 ./drivers/Src/stm32f407xx_i2c_driver.o
                0x08001420                I2C_PeriClockControl
 .text.I2C_Init
                0x080014d0      0x168 ./drivers/Src/stm32f407xx_i2c_driver.o
                0x080014d0                I2C_Init
 .text.I2C_PeripheralControl
                0x08001638       0x36 ./drivers/Src/stm32f407xx_i2c_driver.o
                0x08001638                I2C_PeripheralControl
 .text.I2C_GetFlagStatus
                0x0800166e       0x26 ./drivers/Src/stm32f407xx_i2c_driver.o
                0x0800166e                I2C_GetFlagStatus
 .text.I2C_ManageAcking
                0x08001694       0x36 ./drivers/Src/stm32f407xx_i2c_driver.o
                0x08001694                I2C_ManageAcking
 .text.I2C_MasterSendData
                0x080016ca       0xce ./drivers/Src/stm32f407xx_i2c_driver.o
                0x080016ca                I2C_MasterSendData
 .text.I2C_MasterReceiveData
                0x08001798      0x11e ./drivers/Src/stm32f407xx_i2c_driver.o
                0x08001798                I2C_MasterReceiveData
 .text.RCC_GetPLLOutputClock
                0x080018b6        0xe ./drivers/Src/stm32f407xx_rcc_driver.o
                0x080018b6                RCC_GetPLLOutputClock
 .text.RCC_GetPCLK1Value
                0x080018c4       0xb0 ./drivers/Src/stm32f407xx_rcc_driver.o
                0x080018c4                RCC_GetPCLK1Value
 .text.std      0x08001974       0x6c D:/ST/STM32CubeIDE_1.16.0/STM32CubeIDE/plugins/com.st.stm32cube.ide.mcu.externaltools.gnu-tools-for-stm32.12.3.rel1.win32_1.0.200.202406191623/tools/bin/../lib/gcc/arm-none-eabi/12.3.1/../../../../arm-none-eabi/lib/thumb/v7e-m/nofp\libc_nano.a(libc_a-findfp.o)
 .text.stdio_exit_handler
                0x080019e0       0x18 D:/ST/STM32CubeIDE_1.16.0/STM32CubeIDE/plugins/com.st.stm32cube.ide.mcu.externaltools.gnu-tools-for-stm32.12.3.rel1.win32_1.0.200.202406191623/tools/bin/../lib/gcc/arm-none-eabi/12.3.1/../../../../arm-none-eabi/lib/thumb/v7e-m/nofp\libc_nano.a(libc_a-findfp.o)
 .text.cleanup_stdio
                0x080019f8       0x40 D:/ST/STM32CubeIDE_1.16.0/STM32CubeIDE/plugins/com.st.stm32cube.ide.mcu.externaltools.gnu-tools-for-stm32.12.3.rel1.win32_1.0.200.202406191623/tools/bin/../lib/gcc/arm-none-eabi/12.3.1/../../../../arm-none-eabi/lib/thumb/v7e-m/nofp\libc_nano.a(libc_a-findfp.o)
 .text.global_stdio_init.part.0
                0x08001a38       0x3c D:/ST/STM32CubeIDE_1.16.0/STM32CubeIDE/plugins/com.st.stm32cube.ide.mcu.externaltools.gnu-tools-for-stm32.12.3.rel1.win32_1.0.200.202406191623/tools/bin/../lib/gcc/arm-none-eabi/12.3.1/../../../../arm-none-eabi/lib/thumb/v7e-m/nofp\libc_nano.a(libc_a-findfp.o)
 .text.__sfp_lock_acquire
                0x08001a74        0xc D:/ST/STM32CubeIDE_1.16.0/STM32CubeIDE/plugins/com.st.stm32cube.ide.mcu.externaltools.gnu-tools-for-stm32.12.3.rel1.win32_1.0.200.202406191623/tools/bin/../lib/gcc/arm-none-eabi/12.3.1/../../../../arm-none-eabi/lib/thumb/v7e-m/nofp\libc_nano.a(libc_a-findfp.o)
                0x08001a74                __sfp_lock_acquire
 .text.__sfp_lock_release
                0x08001a80        0xc D:/ST/STM32CubeIDE_1.16.0/STM32CubeIDE/plugins/com.st.stm32cube.ide.mcu.externaltools.gnu-tools-for-stm32.12.3.rel1.win32_1.0.200.202406191623/tools/bin/../lib/gcc/arm-none-eabi/12.3.1/../../../../arm-none-eabi/lib/thumb/v7e-m/nofp\libc_nano.a(libc_a-findfp.o)
                0x08001a80                __sfp_lock_release
 .text.__sinit  0x08001a8c       0x30 D:/ST/STM32CubeIDE_1.16.0/STM32CubeIDE/plugins/com.st.stm32cube.ide.mcu.externaltools.gnu-tools-for-stm32.12.3.rel1.win32_1.0.200.202406191623/tools/bin/../lib/gcc/arm-none-eabi/12.3.1/../../../../arm-none-eabi/lib/thumb/v7e-m/nofp\libc_nano.a(libc_a-findfp.o)
                0x08001a8c                __sinit
 .text._fwalk_sglue
                0x08001abc       0x3c D:/ST/STM32CubeIDE_1.16.0/STM32CubeIDE/plugins/com.st.stm32cube.ide.mcu.externaltools.gnu-tools-for-stm32.12.3.rel1.win32_1.0.200.202406191623/tools/bin/../lib/gcc/arm-none-eabi/12.3.1/../../../../arm-none-eabi/lib/thumb/v7e-m/nofp\libc_nano.a(libc_a-fwalk.o)
                0x08001abc                _fwalk_sglue
 .text._puts_r  0x08001af8       0xaa D:/ST/STM32CubeIDE_1.16.0/STM32CubeIDE/plugins/com.st.stm32cube.ide.mcu.externaltools.gnu-tools-for-stm32.12.3.rel1.win32_1.0.200.202406191623/tools/bin/../lib/gcc/arm-none-eabi/12.3.1/../../../../arm-none-eabi/lib/thumb/v7e-m/nofp\libc_nano.a(libc_a-puts.o)
                0x08001af8                _puts_r
 *fill*         0x08001ba2        0x2 
 .text.puts     0x08001ba4       0x10 D:/ST/STM32CubeIDE_1.16.0/STM32CubeIDE/plugins/com.st.stm32cube.ide.mcu.externaltools.gnu-tools-for-stm32.12.3.rel1.win32_1.0.200.202406191623/tools/bin/../lib/gcc/arm-none-eabi/12.3.1/../../../../arm-none-eabi/lib/thumb/v7e-m/nofp\libc_nano.a(libc_a-puts.o)
                0x08001ba4                puts
 .text.__sread  0x08001bb4       0x22 D:/ST/STM32CubeIDE_1.16.0/STM32CubeIDE/plugins/com.st.stm32cube.ide.mcu.externaltools.gnu-tools-for-stm32.12.3.rel1.win32_1.0.200.202406191623/tools/bin/../lib/gcc/arm-none-eabi/12.3.1/../../../../arm-none-eabi/lib/thumb/v7e-m/nofp\libc_nano.a(libc_a-stdio.o)
                0x08001bb4                __sread
 .text.__swrite
                0x08001bd6       0x38 D:/ST/STM32CubeIDE_1.16.0/STM32CubeIDE/plugins/com.st.stm32cube.ide.mcu.externaltools.gnu-tools-for-stm32.12.3.rel1.win32_1.0.200.202406191623/tools/bin/../lib/gcc/arm-none-eabi/12.3.1/../../../../arm-none-eabi/lib/thumb/v7e-m/nofp\libc_nano.a(libc_a-stdio.o)
                0x08001bd6                __swrite
 .text.__sseek  0x08001c0e       0x24 D:/ST/STM32CubeIDE_1.16.0/STM32CubeIDE/plugins/com.st.stm32cube.ide.mcu.externaltools.gnu-tools-for-stm32.12.3.rel1.win32_1.0.200.202406191623/tools/bin/../lib/gcc/arm-none-eabi/12.3.1/../../../../arm-none-eabi/lib/thumb/v7e-m/nofp\libc_nano.a(libc_a-stdio.o)
                0x08001c0e                __sseek
 .text.__sclose
                0x08001c32        0x8 D:/ST/STM32CubeIDE_1.16.0/STM32CubeIDE/plugins/com.st.stm32cube.ide.mcu.externaltools.gnu-tools-for-stm32.12.3.rel1.win32_1.0.200.202406191623/tools/bin/../lib/gcc/arm-none-eabi/12.3.1/../../../../arm-none-eabi/lib/thumb/v7e-m/nofp\libc_nano.a(libc_a-stdio.o)
                0x08001c32                __sclose
 .text.__swbuf_r
                0x08001c3a       0x7c D:/ST/STM32CubeIDE_1.16.0/STM32CubeIDE/plugins/com.st.stm32cube.ide.mcu.externaltools.gnu-tools-for-stm32.12.3.rel1.win32_1.0.200.202406191623/tools/bin/../lib/gcc/arm-none-eabi/12.3.1/../../../../arm-none-eabi/lib/thumb/v7e-m/nofp\libc_nano.a(libc_a-wbuf.o)
                0x08001c3a                __swbuf_r
 *fill*         0x08001cb6        0x2 
 .text.__swsetup_r
                0x08001cb8       0xac D:/ST/STM32CubeIDE_1.16.0/STM32CubeIDE/plugins/com.st.stm32cube.ide.mcu.externaltools.gnu-tools-for-stm32.12.3.rel1.win32_1.0.200.202406191623/tools/bin/../lib/gcc/arm-none-eabi/12.3.1/../../../../arm-none-eabi/lib/thumb/v7e-m/nofp\libc_nano.a(libc_a-wsetup.o)
                0x08001cb8                __swsetup_r
 .text.memset   0x08001d64       0x10 D:/ST/STM32CubeIDE_1.16.0/STM32CubeIDE/plugins/com.st.stm32cube.ide.mcu.externaltools.gnu-tools-for-stm32.12.3.rel1.win32_1.0.200.202406191623/tools/bin/../lib/gcc/arm-none-eabi/12.3.1/../../../../arm-none-eabi/lib/thumb/v7e-m/nofp\libc_nano.a(libc_a-memset.o)
                0x08001d64                memset
 .text._close_r
                0x08001d74       0x20 D:/ST/STM32CubeIDE_1.16.0/STM32CubeIDE/plugins/com.st.stm32cube.ide.mcu.externaltools.gnu-tools-for-stm32.12.3.rel1.win32_1.0.200.202406191623/tools/bin/../lib/gcc/arm-none-eabi/12.3.1/../../../../arm-none-eabi/lib/thumb/v7e-m/nofp\libc_nano.a(libc_a-closer.o)
                0x08001d74                _close_r
 .text._lseek_r
                0x08001d94       0x24 D:/ST/STM32CubeIDE_1.16.0/STM32CubeIDE/plugins/com.st.stm32cube.ide.mcu.externaltools.gnu-tools-for-stm32.12.3.rel1.win32_1.0.200.202406191623/tools/bin/../lib/gcc/arm-none-eabi/12.3.1/../../../../arm-none-eabi/lib/thumb/v7e-m/nofp\libc_nano.a(libc_a-lseekr.o)
                0x08001d94                _lseek_r
 .text._read_r  0x08001db8       0x24 D:/ST/STM32CubeIDE_1.16.0/STM32CubeIDE/plugins/com.st.stm32cube.ide.mcu.externaltools.gnu-tools-for-stm32.12.3.rel1.win32_1.0.200.202406191623/tools/bin/../lib/gcc/arm-none-eabi/12.3.1/../../../../arm-none-eabi/lib/thumb/v7e-m/nofp\libc_nano.a(libc_a-readr.o)
                0x08001db8                _read_r
 .text._write_r
                0x08001ddc       0x24 D:/ST/STM32CubeIDE_1.16.0/STM32CubeIDE/plugins/com.st.stm32cube.ide.mcu.externaltools.gnu-tools-for-stm32.12.3.rel1.win32_1.0.200.202406191623/tools/bin/../lib/gcc/arm-none-eabi/12.3.1/../../../../arm-none-eabi/lib/thumb/v7e-m/nofp\libc_nano.a(libc_a-writer.o)
                0x08001ddc                _write_r
 .text.__errno  0x08001e00        0xc D:/ST/STM32CubeIDE_1.16.0/STM32CubeIDE/plugins/com.st.stm32cube.ide.mcu.externaltools.gnu-tools-for-stm32.12.3.rel1.win32_1.0.200.202406191623/tools/bin/../lib/gcc/arm-none-eabi/12.3.1/../../../../arm-none-eabi/lib/thumb/v7e-m/nofp\libc_nano.a(libc_a-errno.o)
                0x08001e00                __errno
 .text.__libc_init_array
                0x08001e0c       0x48 D:/ST/STM32CubeIDE_1.16.0/STM32CubeIDE/plugins/com.st.stm32cube.ide.mcu.externaltools.gnu-tools-for-stm32.12.3.rel1.win32_1.0.200.202406191623/tools/bin/../lib/gcc/arm-none-eabi/12.3.1/../../../../arm-none-eabi/lib/thumb/v7e-m/nofp\libc_nano.a(libc_a-init.o)
                0x08001e0c                __libc_init_array
 .text.__retarget_lock_init_recursive
                0x08001e54        0x2 D:/ST/STM32CubeIDE_1.16.0/STM32CubeIDE/plugins/com.st.stm32cube.ide.mcu.externaltools.gnu-tools-for-stm32.12.3.rel1.win32_1.0.200.202406191623/tools/bin/../lib/gcc/arm-none-eabi/12.3.1/../../../../arm-none-eabi/lib/thumb/v7e-m/nofp\libc_nano.a(libc_a-lock.o)
                0x08001e54                __retarget_lock_init_recursive
 .text.__retarget_lock_acquire_recursive
                0x08001e56        0x2 D:/ST/STM32CubeIDE_1.16.0/STM32CubeIDE/plugins/com.st.stm32cube.ide.mcu.externaltools.gnu-tools-for-stm32.12.3.rel1.win32_1.0.200.202406191623/tools/bin/../lib/gcc/arm-none-eabi/12.3.1/../../../../arm-none-eabi/lib/thumb/v7e-m/nofp\libc_nano.a(libc_a-lock.o)
                0x08001e56                __retarget_lock_acquire_recursive
 .text.__retarget_lock_release_recursive
                0x08001e58        0x2 D:/ST/STM32CubeIDE_1.16.0/STM32CubeIDE/plugins/com.st.stm32cube.ide.mcu.externaltools.gnu-tools-for-stm32.12.3.rel1.win32_1.0.200.202406191623/tools/bin/../lib/gcc/arm-none-eabi/12.3.1/../../../../arm-none-eabi/lib/thumb/v7e-m/nofp\libc_nano.a(libc_a-lock.o)
                0x08001e58                __retarget_lock_release_recursive
 *fill*         0x08001e5a        0x2 
 .text._free_r  0x08001e5c       0x94 D:/ST/STM32CubeIDE_1.16.0/STM32CubeIDE/plugins/com.st.stm32cube.ide.mcu.externaltools.gnu-tools-for-stm32.12.3.rel1.win32_1.0.200.202406191623/tools/bin/../lib/gcc/arm-none-eabi/12.3.1/../../../../arm-none-eabi/lib/thumb/v7e-m/nofp\libc_nano.a(libc_a-freer.o)
                0x08001e5c                _free_r
 .text.sbrk_aligned
                0x08001ef0       0x44 D:/ST/STM32CubeIDE_1.16.0/STM32CubeIDE/plugins/com.st.stm32cube.ide.mcu.externaltools.gnu-tools-for-stm32.12.3.rel1.win32_1.0.200.202406191623/tools/bin/../lib/gcc/arm-none-eabi/12.3.1/../../../../arm-none-eabi/lib/thumb/v7e-m/nofp\libc_nano.a(libc_a-mallocr.o)
 .text._malloc_r
                0x08001f34      0x100 D:/ST/STM32CubeIDE_1.16.0/STM32CubeIDE/plugins/com.st.stm32cube.ide.mcu.externaltools.gnu-tools-for-stm32.12.3.rel1.win32_1.0.200.202406191623/tools/bin/../lib/gcc/arm-none-eabi/12.3.1/../../../../arm-none-eabi/lib/thumb/v7e-m/nofp\libc_nano.a(libc_a-mallocr.o)
                0x08001f34                _malloc_r
 .text.__malloc_lock
                0x08002034        0xc D:/ST/STM32CubeIDE_1.16.0/STM32CubeIDE/plugins/com.st.stm32cube.ide.mcu.externaltools.gnu-tools-for-stm32.12.3.rel1.win32_1.0.200.202406191623/tools/bin/../lib/gcc/arm-none-eabi/12.3.1/../../../../arm-none-eabi/lib/thumb/v7e-m/nofp\libc_nano.a(libc_a-mlock.o)
                0x08002034                __malloc_lock
 .text.__malloc_unlock
                0x08002040        0xc D:/ST/STM32CubeIDE_1.16.0/STM32CubeIDE/plugins/com.st.stm32cube.ide.mcu.externaltools.gnu-tools-for-stm32.12.3.rel1.win32_1.0.200.202406191623/tools/bin/../lib/gcc/arm-none-eabi/12.3.1/../../../../arm-none-eabi/lib/thumb/v7e-m/nofp\libc_nano.a(libc_a-mlock.o)
                0x08002040                __malloc_unlock
 .text.__sflush_r
                0x0800204c      0x100 D:/ST/STM32CubeIDE_1.16.0/STM32CubeIDE/plugins/com.st.stm32cube.ide.mcu.externaltools.gnu-tools-for-stm32.12.3.rel1.win32_1.0.200.202406191623/tools/bin/../lib/gcc/arm-none-eabi/12.3.1/../../../../arm-none-eabi/lib/thumb/v7e-m/nofp\libc_nano.a(libc_a-fflush.o)
                0x0800204c                __sflush_r
 .text._fflush_r
                0x0800214c       0x50 D:/ST/STM32CubeIDE_1.16.0/STM32CubeIDE/plugins/com.st.stm32cube.ide.mcu.externaltools.gnu-tools-for-stm32.12.3.rel1.win32_1.0.200.202406191623/tools/bin/../lib/gcc/arm-none-eabi/12.3.1/../../../../arm-none-eabi/lib/thumb/v7e-m/nofp\libc_nano.a(libc_a-fflush.o)
                0x0800214c                _fflush_r
 .text.__swhatbuf_r
                0x0800219c       0x4c D:/ST/STM32CubeIDE_1.16.0/STM32CubeIDE/plugins/com.st.stm32cube.ide.mcu.externaltools.gnu-tools-for-stm32.12.3.rel1.win32_1.0.200.202406191623/tools/bin/../lib/gcc/arm-none-eabi/12.3.1/../../../../arm-none-eabi/lib/thumb/v7e-m/nofp\libc_nano.a(libc_a-makebuf.o)
                0x0800219c                __swhatbuf_r
 .text.__smakebuf_r
                0x080021e8       0x78 D:/ST/STM32CubeIDE_1.16.0/STM32CubeIDE/plugins/com.st.stm32cube.ide.mcu.externaltools.gnu-tools-for-stm32.12.3.rel1.win32_1.0.200.202406191623/tools/bin/../lib/gcc/arm-none-eabi/12.3.1/../../../../arm-none-eabi/lib/thumb/v7e-m/nofp\libc_nano.a(libc_a-makebuf.o)
                0x080021e8                __smakebuf_r
 .text._fstat_r
                0x08002260       0x24 D:/ST/STM32CubeIDE_1.16.0/STM32CubeIDE/plugins/com.st.stm32cube.ide.mcu.externaltools.gnu-tools-for-stm32.12.3.rel1.win32_1.0.200.202406191623/tools/bin/../lib/gcc/arm-none-eabi/12.3.1/../../../../arm-none-eabi/lib/thumb/v7e-m/nofp\libc_nano.a(libc_a-fstatr.o)
                0x08002260                _fstat_r
 .text._isatty_r
                0x08002284       0x20 D:/ST/STM32CubeIDE_1.16.0/STM32CubeIDE/plugins/com.st.stm32cube.ide.mcu.externaltools.gnu-tools-for-stm32.12.3.rel1.win32_1.0.200.202406191623/tools/bin/../lib/gcc/arm-none-eabi/12.3.1/../../../../arm-none-eabi/lib/thumb/v7e-m/nofp\libc_nano.a(libc_a-isattyr.o)
                0x08002284                _isatty_r
 .text._sbrk_r  0x080022a4       0x20 D:/ST/STM32CubeIDE_1.16.0/STM32CubeIDE/plugins/com.st.stm32cube.ide.mcu.externaltools.gnu-tools-for-stm32.12.3.rel1.win32_1.0.200.202406191623/tools/bin/../lib/gcc/arm-none-eabi/12.3.1/../../../../arm-none-eabi/lib/thumb/v7e-m/nofp\libc_nano.a(libc_a-sbrkr.o)
                0x080022a4                _sbrk_r
 *(.glue_7)
 .glue_7        0x080022c4        0x0 linker stubs
 *(.glue_7t)
 .glue_7t       0x080022c4        0x0 linker stubs
 *(.eh_frame)
 .eh_frame      0x080022c4        0x0 D:/ST/STM32CubeIDE_1.16.0/STM32CubeIDE/plugins/com.st.stm32cube.ide.mcu.externaltools.gnu-tools-for-stm32.12.3.rel1.win32_1.0.200.202406191623/tools/bin/../lib/gcc/arm-none-eabi/12.3.1/thumb/v7e-m/nofp/crtbegin.o
 *(.init)
 .init          0x080022c4        0x4 D:/ST/STM32CubeIDE_1.16.0/STM32CubeIDE/plugins/com.st.stm32cube.ide.mcu.externaltools.gnu-tools-for-stm32.12.3.rel1.win32_1.0.200.202406191623/tools/bin/../lib/gcc/arm-none-eabi/12.3.1/thumb/v7e-m/nofp/crti.o
                0x080022c4                _init
 .init          0x080022c8        0x8 D:/ST/STM32CubeIDE_1.16.0/STM32CubeIDE/plugins/com.st.stm32cube.ide.mcu.externaltools.gnu-tools-for-stm32.12.3.rel1.win32_1.0.200.202406191623/tools/bin/../lib/gcc/arm-none-eabi/12.3.1/thumb/v7e-m/nofp/crtn.o
 *(.fini)
 .fini          0x080022d0        0x4 D:/ST/STM32CubeIDE_1.16.0/STM32CubeIDE/plugins/com.st.stm32cube.ide.mcu.externaltools.gnu-tools-for-stm32.12.3.rel1.win32_1.0.200.202406191623/tools/bin/../lib/gcc/arm-none-eabi/12.3.1/thumb/v7e-m/nofp/crti.o
                0x080022d0                _fini
 .fini          0x080022d4        0x8 D:/ST/STM32CubeIDE_1.16.0/STM32CubeIDE/plugins/com.st.stm32cube.ide.mcu.externaltools.gnu-tools-for-stm32.12.3.rel1.win32_1.0.200.202406191623/tools/bin/../lib/gcc/arm-none-eabi/12.3.1/thumb/v7e-m/nofp/crtn.o
                0x080022dc                        . = ALIGN (0x4)
                0x080022dc                        _etext = .

.vfp11_veneer   0x080022dc        0x0
 .vfp11_veneer  0x080022dc        0x0 linker stubs

.v4_bx          0x080022dc        0x0
 .v4_bx         0x080022dc        0x0 linker stubs

.iplt           0x080022dc        0x0
 .iplt          0x080022dc        0x0 D:/ST/STM32CubeIDE_1.16.0/STM32CubeIDE/plugins/com.st.stm32cube.ide.mcu.externaltools.gnu-tools-for-stm32.12.3.rel1.win32_1.0.200.202406191623/tools/bin/../lib/gcc/arm-none-eabi/12.3.1/thumb/v7e-m/nofp/crtbegin.o

.rodata         0x080022dc       0x88
                0x080022dc                        . = ALIGN (0x4)
 *(.rodata)
 .rodata        0x080022dc       0x87 ./Src/016_rtc_lcd.o
 *(.rodata*)
                0x08002364                        . = ALIGN (0x4)
 *fill*         0x08002363        0x1 

.ARM.extab      0x08002364        0x0
                0x08002364                        . = ALIGN (0x4)
 *(.ARM.extab* .gnu.linkonce.armextab.*)
                0x08002364                        . = ALIGN (0x4)

.ARM            0x08002364        0x0
                0x08002364                        . = ALIGN (0x4)
                0x08002364                        __exidx_start = .
 *(.ARM.exidx*)
                0x08002364                        __exidx_end = .
                0x08002364                        . = ALIGN (0x4)

.preinit_array  0x08002364        0x0
                0x08002364                        . = ALIGN (0x4)
                0x08002364                        PROVIDE (__preinit_array_start = .)
 *(.preinit_array*)
                0x08002364                        PROVIDE (__preinit_array_end = .)
                0x08002364                        . = ALIGN (0x4)

.init_array     0x08002364        0x4
                0x08002364                        . = ALIGN (0x4)
                0x08002364                        PROVIDE (__init_array_start = .)
 *(SORT_BY_NAME(.init_array.*))
 *(.init_array*)
 .init_array    0x08002364        0x4 D:/ST/STM32CubeIDE_1.16.0/STM32CubeIDE/plugins/com.st.stm32cube.ide.mcu.externaltools.gnu-tools-for-stm32.12.3.rel1.win32_1.0.200.202406191623/tools/bin/../lib/gcc/arm-none-eabi/12.3.1/thumb/v7e-m/nofp/crtbegin.o
                0x08002368                        PROVIDE (__init_array_end = .)
                0x08002368                        . = ALIGN (0x4)

.fini_array     0x08002368        0x4
                0x08002368                        . = ALIGN (0x4)
                [!provide]                        PROVIDE (__fini_array_start = .)
 *(SORT_BY_NAME(.fini_array.*))
 *(.fini_array*)
 .fini_array    0x08002368        0x4 D:/ST/STM32CubeIDE_1.16.0/STM32CubeIDE/plugins/com.st.stm32cube.ide.mcu.externaltools.gnu-tools-for-stm32.12.3.rel1.win32_1.0.200.202406191623/tools/bin/../lib/gcc/arm-none-eabi/12.3.1/thumb/v7e-m/nofp/crtbegin.o
                [!provide]                        PROVIDE (__fini_array_end = .)
                0x0800236c                        . = ALIGN (0x4)
                0x0800236c                        _sidata = LOADADDR (.data)

.rel.dyn        0x0800236c        0x0
 .rel.iplt      0x0800236c        0x0 D:/ST/STM32CubeIDE_1.16.0/STM32CubeIDE/plugins/com.st.stm32cube.ide.mcu.externaltools.gnu-tools-for-stm32.12.3.rel1.win32_1.0.200.202406191623/tools/bin/../lib/gcc/arm-none-eabi/12.3.1/thumb/v7e-m/nofp/crtbegin.o

.data           0x20000000       0x70 load address 0x0800236c
                0x20000000                        . = ALIGN (0x4)
                0x20000000                        _sdata = .
 *(.data)
 *(.data*)
 .data.AHB_Prescaler
                0x20000000       0x10 ./drivers/Src/stm32f407xx_rcc_driver.o
                0x20000000                AHB_Prescaler
 .data.APB1_Prescaler
                0x20000010        0x4 ./drivers/Src/stm32f407xx_rcc_driver.o
                0x20000010                APB1_Prescaler
 .data.__sglue  0x20000014        0xc D:/ST/STM32CubeIDE_1.16.0/STM32CubeIDE/plugins/com.st.stm32cube.ide.mcu.externaltools.gnu-tools-for-stm32.12.3.rel1.win32_1.0.200.202406191623/tools/bin/../lib/gcc/arm-none-eabi/12.3.1/../../../../arm-none-eabi/lib/thumb/v7e-m/nofp\libc_nano.a(libc_a-findfp.o)
                0x20000014                __sglue
 .data._impure_ptr
                0x20000020        0x4 D:/ST/STM32CubeIDE_1.16.0/STM32CubeIDE/plugins/com.st.stm32cube.ide.mcu.externaltools.gnu-tools-for-stm32.12.3.rel1.win32_1.0.200.202406191623/tools/bin/../lib/gcc/arm-none-eabi/12.3.1/../../../../arm-none-eabi/lib/thumb/v7e-m/nofp\libc_nano.a(libc_a-impure.o)
                0x20000020                _impure_ptr
 .data._impure_data
                0x20000024       0x4c D:/ST/STM32CubeIDE_1.16.0/STM32CubeIDE/plugins/com.st.stm32cube.ide.mcu.externaltools.gnu-tools-for-stm32.12.3.rel1.win32_1.0.200.202406191623/tools/bin/../lib/gcc/arm-none-eabi/12.3.1/../../../../arm-none-eabi/lib/thumb/v7e-m/nofp\libc_nano.a(libc_a-impure.o)
                0x20000024                _impure_data
 *(.RamFunc)
 *(.RamFunc*)
                0x20000070                        . = ALIGN (0x4)
                0x20000070                        _edata = .
                0x080023dc                        _siccmram = LOADADDR (.ccmram)

.igot.plt       0x20000070        0x0 load address 0x080023dc
 .igot.plt      0x20000070        0x0 D:/ST/STM32CubeIDE_1.16.0/STM32CubeIDE/plugins/com.st.stm32cube.ide.mcu.externaltools.gnu-tools-for-stm32.12.3.rel1.win32_1.0.200.202406191623/tools/bin/../lib/gcc/arm-none-eabi/12.3.1/thumb/v7e-m/nofp/crtbegin.o

.ccmram         0x10000000        0x0 load address 0x080023dc
                0x10000000                        . = ALIGN (0x4)
                0x10000000                        _sccmram = .
 *(.ccmram)
 *(.ccmram*)
                0x10000000                        . = ALIGN (0x4)
                0x10000000                        _eccmram = .
                0x10000000                        . = ALIGN (0x4)

.bss            0x20000070      0x1ac
                0x20000070                        _sbss = .
                0x20000070                        __bss_start__ = _sbss
 *(.bss)
 .bss           0x20000070       0x1c D:/ST/STM32CubeIDE_1.16.0/STM32CubeIDE/plugins/com.st.stm32cube.ide.mcu.externaltools.gnu-tools-for-stm32.12.3.rel1.win32_1.0.200.202406191623/tools/bin/../lib/gcc/arm-none-eabi/12.3.1/thumb/v7e-m/nofp/crtbegin.o
 *(.bss*)
 .bss.g_ds1307I2CHandle
                0x2000008c       0x28 ./BSP/ds1307.o
                0x2000008c                g_ds1307I2CHandle
 .bss.buf.1     0x200000b4        0x9 ./Src/016_rtc_lcd.o
 *fill*         0x200000bd        0x3 
 .bss.buf.0     0x200000c0        0x9 ./Src/016_rtc_lcd.o
 *fill*         0x200000c9        0x3 
 .bss.__sbrk_heap_end
                0x200000cc        0x4 ./Src/sysmem.o
 .bss.__sf      0x200000d0      0x138 D:/ST/STM32CubeIDE_1.16.0/STM32CubeIDE/plugins/com.st.stm32cube.ide.mcu.externaltools.gnu-tools-for-stm32.12.3.rel1.win32_1.0.200.202406191623/tools/bin/../lib/gcc/arm-none-eabi/12.3.1/../../../../arm-none-eabi/lib/thumb/v7e-m/nofp\libc_nano.a(libc_a-findfp.o)
                0x200000d0                __sf
 .bss.__stdio_exit_handler
                0x20000208        0x4 D:/ST/STM32CubeIDE_1.16.0/STM32CubeIDE/plugins/com.st.stm32cube.ide.mcu.externaltools.gnu-tools-for-stm32.12.3.rel1.win32_1.0.200.202406191623/tools/bin/../lib/gcc/arm-none-eabi/12.3.1/../../../../arm-none-eabi/lib/thumb/v7e-m/nofp\libc_nano.a(libc_a-findfp.o)
                0x20000208                __stdio_exit_handler
 .bss.errno     0x2000020c        0x4 D:/ST/STM32CubeIDE_1.16.0/STM32CubeIDE/plugins/com.st.stm32cube.ide.mcu.externaltools.gnu-tools-for-stm32.12.3.rel1.win32_1.0.200.202406191623/tools/bin/../lib/gcc/arm-none-eabi/12.3.1/../../../../arm-none-eabi/lib/thumb/v7e-m/nofp\libc_nano.a(libc_a-reent.o)
                0x2000020c                errno
 .bss.__lock___malloc_recursive_mutex
                0x20000210        0x1 D:/ST/STM32CubeIDE_1.16.0/STM32CubeIDE/plugins/com.st.stm32cube.ide.mcu.externaltools.gnu-tools-for-stm32.12.3.rel1.win32_1.0.200.202406191623/tools/bin/../lib/gcc/arm-none-eabi/12.3.1/../../../../arm-none-eabi/lib/thumb/v7e-m/nofp\libc_nano.a(libc_a-lock.o)
                0x20000210                __lock___malloc_recursive_mutex
 .bss.__lock___sfp_recursive_mutex
                0x20000211        0x1 D:/ST/STM32CubeIDE_1.16.0/STM32CubeIDE/plugins/com.st.stm32cube.ide.mcu.externaltools.gnu-tools-for-stm32.12.3.rel1.win32_1.0.200.202406191623/tools/bin/../lib/gcc/arm-none-eabi/12.3.1/../../../../arm-none-eabi/lib/thumb/v7e-m/nofp\libc_nano.a(libc_a-lock.o)
                0x20000211                __lock___sfp_recursive_mutex
 *fill*         0x20000212        0x2 
 .bss.__malloc_sbrk_start
                0x20000214        0x4 D:/ST/STM32CubeIDE_1.16.0/STM32CubeIDE/plugins/com.st.stm32cube.ide.mcu.externaltools.gnu-tools-for-stm32.12.3.rel1.win32_1.0.200.202406191623/tools/bin/../lib/gcc/arm-none-eabi/12.3.1/../../../../arm-none-eabi/lib/thumb/v7e-m/nofp\libc_nano.a(libc_a-mallocr.o)
                0x20000214                __malloc_sbrk_start
 .bss.__malloc_free_list
                0x20000218        0x4 D:/ST/STM32CubeIDE_1.16.0/STM32CubeIDE/plugins/com.st.stm32cube.ide.mcu.externaltools.gnu-tools-for-stm32.12.3.rel1.win32_1.0.200.202406191623/tools/bin/../lib/gcc/arm-none-eabi/12.3.1/../../../../arm-none-eabi/lib/thumb/v7e-m/nofp\libc_nano.a(libc_a-mallocr.o)
                0x20000218                __malloc_free_list
 *(COMMON)
                0x2000021c                        . = ALIGN (0x4)
                0x2000021c                        _ebss = .
                0x2000021c                        __bss_end__ = _ebss

._user_heap_stack
                0x2000021c      0x604
                0x20000220                        . = ALIGN (0x8)
 *fill*         0x2000021c        0x4 
                [!provide]                        PROVIDE (end = .)
                0x20000220                        PROVIDE (_end = .)
                0x20000420                        . = (. + _Min_Heap_Size)
 *fill*         0x20000220      0x200 
                0x20000820                        . = (. + _Min_Stack_Size)
 *fill*         0x20000420      0x400 
                0x20000820                        . = ALIGN (0x8)

/DISCARD/
 libc.a(*)
 libm.a(*)
 libgcc.a(*)

.ARM.attributes
                0x00000000       0x2a
 *(.ARM.attributes)
 .ARM.attributes
                0x00000000       0x1e D:/ST/STM32CubeIDE_1.16.0/STM32CubeIDE/plugins/com.st.stm32cube.ide.mcu.externaltools.gnu-tools-for-stm32.12.3.rel1.win32_1.0.200.202406191623/tools/bin/../lib/gcc/arm-none-eabi/12.3.1/thumb/v7e-m/nofp/crti.o
 .ARM.attributes
                0x0000001e       0x2e D:/ST/STM32CubeIDE_1.16.0/STM32CubeIDE/plugins/com.st.stm32cube.ide.mcu.externaltools.gnu-tools-for-stm32.12.3.rel1.win32_1.0.200.202406191623/tools/bin/../lib/gcc/arm-none-eabi/12.3.1/thumb/v7e-m/nofp/crtbegin.o
 .ARM.attributes
                0x0000004c       0x2e ./BSP/ds1307.o
 .ARM.attributes
                0x0000007a       0x2e ./BSP/lcd.o
 .ARM.attributes
                0x000000a8       0x2e ./Src/016_rtc_lcd.o
 .ARM.attributes
                0x000000d6       0x2e ./Src/syscalls.o
 .ARM.attributes
                0x00000104       0x2e ./Src/sysmem.o
 .ARM.attributes
                0x00000132       0x21 ./Startup/startup_stm32f407vgtx.o
 .ARM.attributes
                0x00000153       0x2e ./drivers/Src/stm32f407xx_gpio_driver.o
 .ARM.attributes
                0x00000181       0x2e ./drivers/Src/stm32f407xx_i2c_driver.o
 .ARM.attributes
                0x000001af       0x2e ./drivers/Src/stm32f407xx_rcc_driver.o
 .ARM.attributes
                0x000001dd       0x2e D:/ST/STM32CubeIDE_1.16.0/STM32CubeIDE/plugins/com.st.stm32cube.ide.mcu.externaltools.gnu-tools-for-stm32.12.3.rel1.win32_1.0.200.202406191623/tools/bin/../lib/gcc/arm-none-eabi/12.3.1/../../../../arm-none-eabi/lib/thumb/v7e-m/nofp\libc_nano.a(libc_a-findfp.o)
 .ARM.attributes
                0x0000020b       0x2e D:/ST/STM32CubeIDE_1.16.0/STM32CubeIDE/plugins/com.st.stm32cube.ide.mcu.externaltools.gnu-tools-for-stm32.12.3.rel1.win32_1.0.200.202406191623/tools/bin/../lib/gcc/arm-none-eabi/12.3.1/../../../../arm-none-eabi/lib/thumb/v7e-m/nofp\libc_nano.a(libc_a-fwalk.o)
 .ARM.attributes
                0x00000239       0x2e D:/ST/STM32CubeIDE_1.16.0/STM32CubeIDE/plugins/com.st.stm32cube.ide.mcu.externaltools.gnu-tools-for-stm32.12.3.rel1.win32_1.0.200.202406191623/tools/bin/../lib/gcc/arm-none-eabi/12.3.1/../../../../arm-none-eabi/lib/thumb/v7e-m/nofp\libc_nano.a(libc_a-puts.o)
 .ARM.attributes
                0x00000267       0x2e D:/ST/STM32CubeIDE_1.16.0/STM32CubeIDE/plugins/com.st.stm32cube.ide.mcu.externaltools.gnu-tools-for-stm32.12.3.rel1.win32_1.0.200.202406191623/tools/bin/../lib/gcc/arm-none-eabi/12.3.1/../../../../arm-none-eabi/lib/thumb/v7e-m/nofp\libc_nano.a(libc_a-stdio.o)
 .ARM.attributes
                0x00000295       0x2e D:/ST/STM32CubeIDE_1.16.0/STM32CubeIDE/plugins/com.st.stm32cube.ide.mcu.externaltools.gnu-tools-for-stm32.12.3.rel1.win32_1.0.200.202406191623/tools/bin/../lib/gcc/arm-none-eabi/12.3.1/../../../../arm-none-eabi/lib/thumb/v7e-m/nofp\libc_nano.a(libc_a-wbuf.o)
 .ARM.attributes
                0x000002c3       0x2e D:/ST/STM32CubeIDE_1.16.0/STM32CubeIDE/plugins/com.st.stm32cube.ide.mcu.externaltools.gnu-tools-for-stm32.12.3.rel1.win32_1.0.200.202406191623/tools/bin/../lib/gcc/arm-none-eabi/12.3.1/../../../../arm-none-eabi/lib/thumb/v7e-m/nofp\libc_nano.a(libc_a-wsetup.o)
 .ARM.attributes
                0x000002f1       0x2e D:/ST/STM32CubeIDE_1.16.0/STM32CubeIDE/plugins/com.st.stm32cube.ide.mcu.externaltools.gnu-tools-for-stm32.12.3.rel1.win32_1.0.200.202406191623/tools/bin/../lib/gcc/arm-none-eabi/12.3.1/../../../../arm-none-eabi/lib/thumb/v7e-m/nofp\libc_nano.a(libc_a-memset.o)
 .ARM.attributes
                0x0000031f       0x2e D:/ST/STM32CubeIDE_1.16.0/STM32CubeIDE/plugins/com.st.stm32cube.ide.mcu.externaltools.gnu-tools-for-stm32.12.3.rel1.win32_1.0.200.202406191623/tools/bin/../lib/gcc/arm-none-eabi/12.3.1/../../../../arm-none-eabi/lib/thumb/v7e-m/nofp\libc_nano.a(libc_a-closer.o)
 .ARM.attributes
                0x0000034d       0x2e D:/ST/STM32CubeIDE_1.16.0/STM32CubeIDE/plugins/com.st.stm32cube.ide.mcu.externaltools.gnu-tools-for-stm32.12.3.rel1.win32_1.0.200.202406191623/tools/bin/../lib/gcc/arm-none-eabi/12.3.1/../../../../arm-none-eabi/lib/thumb/v7e-m/nofp\libc_nano.a(libc_a-reent.o)
 .ARM.attributes
                0x0000037b       0x2e D:/ST/STM32CubeIDE_1.16.0/STM32CubeIDE/plugins/com.st.stm32cube.ide.mcu.externaltools.gnu-tools-for-stm32.12.3.rel1.win32_1.0.200.202406191623/tools/bin/../lib/gcc/arm-none-eabi/12.3.1/../../../../arm-none-eabi/lib/thumb/v7e-m/nofp\libc_nano.a(libc_a-impure.o)
 .ARM.attributes
                0x000003a9       0x2e D:/ST/STM32CubeIDE_1.16.0/STM32CubeIDE/plugins/com.st.stm32cube.ide.mcu.externaltools.gnu-tools-for-stm32.12.3.rel1.win32_1.0.200.202406191623/tools/bin/../lib/gcc/arm-none-eabi/12.3.1/../../../../arm-none-eabi/lib/thumb/v7e-m/nofp\libc_nano.a(libc_a-lseekr.o)
 .ARM.attributes
                0x000003d7       0x2e D:/ST/STM32CubeIDE_1.16.0/STM32CubeIDE/plugins/com.st.stm32cube.ide.mcu.externaltools.gnu-tools-for-stm32.12.3.rel1.win32_1.0.200.202406191623/tools/bin/../lib/gcc/arm-none-eabi/12.3.1/../../../../arm-none-eabi/lib/thumb/v7e-m/nofp\libc_nano.a(libc_a-readr.o)
 .ARM.attributes
                0x00000405       0x2e D:/ST/STM32CubeIDE_1.16.0/STM32CubeIDE/plugins/com.st.stm32cube.ide.mcu.externaltools.gnu-tools-for-stm32.12.3.rel1.win32_1.0.200.202406191623/tools/bin/../lib/gcc/arm-none-eabi/12.3.1/../../../../arm-none-eabi/lib/thumb/v7e-m/nofp\libc_nano.a(libc_a-writer.o)
 .ARM.attributes
                0x00000433       0x2e D:/ST/STM32CubeIDE_1.16.0/STM32CubeIDE/plugins/com.st.stm32cube.ide.mcu.externaltools.gnu-tools-for-stm32.12.3.rel1.win32_1.0.200.202406191623/tools/bin/../lib/gcc/arm-none-eabi/12.3.1/../../../../arm-none-eabi/lib/thumb/v7e-m/nofp\libc_nano.a(libc_a-errno.o)
 .ARM.attributes
                0x00000461       0x2e D:/ST/STM32CubeIDE_1.16.0/STM32CubeIDE/plugins/com.st.stm32cube.ide.mcu.externaltools.gnu-tools-for-stm32.12.3.rel1.win32_1.0.200.202406191623/tools/bin/../lib/gcc/arm-none-eabi/12.3.1/../../../../arm-none-eabi/lib/thumb/v7e-m/nofp\libc_nano.a(libc_a-init.o)
 .ARM.attributes
                0x0000048f       0x2e D:/ST/STM32CubeIDE_1.16.0/STM32CubeIDE/plugins/com.st.stm32cube.ide.mcu.externaltools.gnu-tools-for-stm32.12.3.rel1.win32_1.0.200.202406191623/tools/bin/../lib/gcc/arm-none-eabi/12.3.1/../../../../arm-none-eabi/lib/thumb/v7e-m/nofp\libc_nano.a(libc_a-lock.o)
 .ARM.attributes
                0x000004bd       0x2e D:/ST/STM32CubeIDE_1.16.0/STM32CubeIDE/plugins/com.st.stm32cube.ide.mcu.externaltools.gnu-tools-for-stm32.12.3.rel1.win32_1.0.200.202406191623/tools/bin/../lib/gcc/arm-none-eabi/12.3.1/../../../../arm-none-eabi/lib/thumb/v7e-m/nofp\libc_nano.a(libc_a-freer.o)
 .ARM.attributes
                0x000004eb       0x2e D:/ST/STM32CubeIDE_1.16.0/STM32CubeIDE/plugins/com.st.stm32cube.ide.mcu.externaltools.gnu-tools-for-stm32.12.3.rel1.win32_1.0.200.202406191623/tools/bin/../lib/gcc/arm-none-eabi/12.3.1/../../../../arm-none-eabi/lib/thumb/v7e-m/nofp\libc_nano.a(libc_a-mallocr.o)
 .ARM.attributes
                0x00000519       0x2e D:/ST/STM32CubeIDE_1.16.0/STM32CubeIDE/plugins/com.st.stm32cube.ide.mcu.externaltools.gnu-tools-for-stm32.12.3.rel1.win32_1.0.200.202406191623/tools/bin/../lib/gcc/arm-none-eabi/12.3.1/../../../../arm-none-eabi/lib/thumb/v7e-m/nofp\libc_nano.a(libc_a-mlock.o)
 .ARM.attributes
                0x00000547       0x2e D:/ST/STM32CubeIDE_1.16.0/STM32CubeIDE/plugins/com.st.stm32cube.ide.mcu.externaltools.gnu-tools-for-stm32.12.3.rel1.win32_1.0.200.202406191623/tools/bin/../lib/gcc/arm-none-eabi/12.3.1/../../../../arm-none-eabi/lib/thumb/v7e-m/nofp\libc_nano.a(libc_a-fflush.o)
 .ARM.attributes
                0x00000575       0x2e D:/ST/STM32CubeIDE_1.16.0/STM32CubeIDE/plugins/com.st.stm32cube.ide.mcu.externaltools.gnu-tools-for-stm32.12.3.rel1.win32_1.0.200.202406191623/tools/bin/../lib/gcc/arm-none-eabi/12.3.1/../../../../arm-none-eabi/lib/thumb/v7e-m/nofp\libc_nano.a(libc_a-makebuf.o)
 .ARM.attributes
                0x000005a3       0x2e D:/ST/STM32CubeIDE_1.16.0/STM32CubeIDE/plugins/com.st.stm32cube.ide.mcu.externaltools.gnu-tools-for-stm32.12.3.rel1.win32_1.0.200.202406191623/tools/bin/../lib/gcc/arm-none-eabi/12.3.1/../../../../arm-none-eabi/lib/thumb/v7e-m/nofp\libc_nano.a(libc_a-fstatr.o)
 .ARM.attributes
                0x000005d1       0x2e D:/ST/STM32CubeIDE_1.16.0/STM32CubeIDE/plugins/com.st.stm32cube.ide.mcu.externaltools.gnu-tools-for-stm32.12.3.rel1.win32_1.0.200.202406191623/tools/bin/../lib/gcc/arm-none-eabi/12.3.1/../../../../arm-none-eabi/lib/thumb/v7e-m/nofp\libc_nano.a(libc_a-isattyr.o)
 .ARM.attributes
                0x000005ff       0x2e D:/ST/STM32CubeIDE_1.16.0/STM32CubeIDE/plugins/com.st.stm32cube.ide.mcu.externaltools.gnu-tools-for-stm32.12.3.rel1.win32_1.0.200.202406191623/tools/bin/../lib/gcc/arm-none-eabi/12.3.1/../../../../arm-none-eabi/lib/thumb/v7e-m/nofp\libc_nano.a(libc_a-sbrkr.o)
 .ARM.attributes
                0x0000062d       0x1e D:/ST/STM32CubeIDE_1.16.0/STM32CubeIDE/plugins/com.st.stm32cube.ide.mcu.externaltools.gnu-tools-for-stm32.12.3.rel1.win32_1.0.200.202406191623/tools/bin/../lib/gcc/arm-none-eabi/12.3.1/thumb/v7e-m/nofp/crtn.o
OUTPUT(stm32f4xx_drivers.elf elf32-littlearm)
LOAD linker stubs
LOAD D:/ST/STM32CubeIDE_1.16.0/STM32CubeIDE/plugins/com.st.stm32cube.ide.mcu.externaltools.gnu-tools-for-stm32.12.3.rel1.win32_1.0.200.202406191623/tools/bin/../lib/gcc/arm-none-eabi/12.3.1/../../../../arm-none-eabi/lib/thumb/v7e-m/nofp\libc.a
LOAD D:/ST/STM32CubeIDE_1.16.0/STM32CubeIDE/plugins/com.st.stm32cube.ide.mcu.externaltools.gnu-tools-for-stm32.12.3.rel1.win32_1.0.200.202406191623/tools/bin/../lib/gcc/arm-none-eabi/12.3.1/../../../../arm-none-eabi/lib/thumb/v7e-m/nofp\libm.a
LOAD D:/ST/STM32CubeIDE_1.16.0/STM32CubeIDE/plugins/com.st.stm32cube.ide.mcu.externaltools.gnu-tools-for-stm32.12.3.rel1.win32_1.0.200.202406191623/tools/bin/../lib/gcc/arm-none-eabi/12.3.1/thumb/v7e-m/nofp\libgcc.a

.debug_info     0x00000000     0x2c50
 .debug_info    0x00000000      0x71a ./BSP/ds1307.o
 .debug_info    0x0000071a      0x39b ./BSP/lcd.o
 .debug_info    0x00000ab5      0x3df ./Src/016_rtc_lcd.o
 .debug_info    0x00000e94      0x6d1 ./Src/syscalls.o
 .debug_info    0x00001565      0x168 ./Src/sysmem.o
 .debug_info    0x000016cd       0x30 ./Startup/startup_stm32f407vgtx.o
 .debug_info    0x000016fd      0x758 ./drivers/Src/stm32f407xx_gpio_driver.o
 .debug_info    0x00001e55      0xa51 ./drivers/Src/stm32f407xx_i2c_driver.o
 .debug_info    0x000028a6      0x3aa ./drivers/Src/stm32f407xx_rcc_driver.o

.debug_abbrev   0x00000000      0xc3d
 .debug_abbrev  0x00000000      0x1ce ./BSP/ds1307.o
 .debug_abbrev  0x000001ce      0x19d ./BSP/lcd.o
 .debug_abbrev  0x0000036b      0x1b2 ./Src/016_rtc_lcd.o
 .debug_abbrev  0x0000051d      0x1b1 ./Src/syscalls.o
 .debug_abbrev  0x000006ce       0xbc ./Src/sysmem.o
 .debug_abbrev  0x0000078a       0x24 ./Startup/startup_stm32f407vgtx.o
 .debug_abbrev  0x000007ae      0x179 ./drivers/Src/stm32f407xx_gpio_driver.o
 .debug_abbrev  0x00000927      0x22e ./drivers/Src/stm32f407xx_i2c_driver.o
 .debug_abbrev  0x00000b55       0xe8 ./drivers/Src/stm32f407xx_rcc_driver.o

.debug_aranges  0x00000000      0x3c0
 .debug_aranges
                0x00000000       0x70 ./BSP/ds1307.o
 .debug_aranges
                0x00000070       0x70 ./BSP/lcd.o
 .debug_aranges
                0x000000e0       0x58 ./Src/016_rtc_lcd.o
 .debug_aranges
                0x00000138       0xb0 ./Src/syscalls.o
 .debug_aranges
                0x000001e8       0x20 ./Src/sysmem.o
 .debug_aranges
                0x00000208       0x28 ./Startup/startup_stm32f407vgtx.o
 .debug_aranges
                0x00000230       0x70 ./drivers/Src/stm32f407xx_gpio_driver.o
 .debug_aranges
                0x000002a0       0xf0 ./drivers/Src/stm32f407xx_i2c_driver.o
 .debug_aranges
                0x00000390       0x30 ./drivers/Src/stm32f407xx_rcc_driver.o

.debug_rnglists
                0x00000000      0x2b8
 .debug_rnglists
                0x00000000       0x51 ./BSP/ds1307.o
 .debug_rnglists
                0x00000051       0x50 ./BSP/lcd.o
 .debug_rnglists
                0x000000a1       0x3f ./Src/016_rtc_lcd.o
 .debug_rnglists
                0x000000e0       0x7f ./Src/syscalls.o
 .debug_rnglists
                0x0000015f       0x13 ./Src/sysmem.o
 .debug_rnglists
                0x00000172       0x19 ./Startup/startup_stm32f407vgtx.o
 .debug_rnglists
                0x0000018b       0x53 ./drivers/Src/stm32f407xx_gpio_driver.o
 .debug_rnglists
                0x000001de       0xb9 ./drivers/Src/stm32f407xx_i2c_driver.o
 .debug_rnglists
                0x00000297       0x21 ./drivers/Src/stm32f407xx_rcc_driver.o

.debug_macro    0x00000000     0x3f6b
 .debug_macro   0x00000000      0x195 ./BSP/ds1307.o
 .debug_macro   0x00000195      0xab4 ./BSP/ds1307.o
 .debug_macro   0x00000c49       0x22 ./BSP/ds1307.o
 .debug_macro   0x00000c6b       0x8e ./BSP/ds1307.o
 .debug_macro   0x00000cf9       0x51 ./BSP/ds1307.o
 .debug_macro   0x00000d4a      0x103 ./BSP/ds1307.o
 .debug_macro   0x00000e4d       0x6a ./BSP/ds1307.o
 .debug_macro   0x00000eb7      0x1df ./BSP/ds1307.o
 .debug_macro   0x00001096      0x189 ./BSP/ds1307.o
 .debug_macro   0x0000121f      0x741 ./BSP/ds1307.o
 .debug_macro   0x00001960       0xc4 ./BSP/ds1307.o
 .debug_macro   0x00001a24       0xc4 ./BSP/ds1307.o
 .debug_macro   0x00001ae8       0xd6 ./BSP/ds1307.o
 .debug_macro   0x00001bbe      0x108 ./BSP/ds1307.o
 .debug_macro   0x00001cc6       0x94 ./BSP/ds1307.o
 .debug_macro   0x00001d5a       0x61 ./BSP/ds1307.o
 .debug_macro   0x00001dbb       0x24 ./BSP/ds1307.o
 .debug_macro   0x00001ddf       0x43 ./BSP/ds1307.o
 .debug_macro   0x00001e22       0x34 ./BSP/ds1307.o
 .debug_macro   0x00001e56       0x16 ./BSP/ds1307.o
 .debug_macro   0x00001e6c       0x43 ./BSP/ds1307.o
 .debug_macro   0x00001eaf       0x34 ./BSP/ds1307.o
 .debug_macro   0x00001ee3       0x10 ./BSP/ds1307.o
 .debug_macro   0x00001ef3       0x58 ./BSP/ds1307.o
 .debug_macro   0x00001f4b       0x8e ./BSP/ds1307.o
 .debug_macro   0x00001fd9       0x1c ./BSP/ds1307.o
 .debug_macro   0x00001ff5      0x177 ./BSP/ds1307.o
 .debug_macro   0x0000216c      0x369 ./BSP/ds1307.o
 .debug_macro   0x000024d5       0x10 ./BSP/ds1307.o
 .debug_macro   0x000024e5       0x35 ./BSP/ds1307.o
 .debug_macro   0x0000251a       0x20 ./BSP/ds1307.o
 .debug_macro   0x0000253a       0xc7 ./BSP/lcd.o
 .debug_macro   0x00002601       0x52 ./BSP/lcd.o
 .debug_macro   0x00002653      0x1ae ./Src/016_rtc_lcd.o
 .debug_macro   0x00002801       0x5b ./Src/016_rtc_lcd.o
 .debug_macro   0x0000285c       0x94 ./Src/016_rtc_lcd.o
 .debug_macro   0x000028f0       0x16 ./Src/016_rtc_lcd.o
 .debug_macro   0x00002906       0x57 ./Src/016_rtc_lcd.o
 .debug_macro   0x0000295d       0x9e ./Src/016_rtc_lcd.o
 .debug_macro   0x000029fb      0x10b ./Src/016_rtc_lcd.o
 .debug_macro   0x00002b06       0x10 ./Src/016_rtc_lcd.o
 .debug_macro   0x00002b16       0x16 ./Src/016_rtc_lcd.o
 .debug_macro   0x00002b2c       0x16 ./Src/016_rtc_lcd.o
 .debug_macro   0x00002b42      0x146 ./Src/016_rtc_lcd.o
 .debug_macro   0x00002c88       0x58 ./Src/016_rtc_lcd.o
 .debug_macro   0x00002ce0      0x286 ./Src/syscalls.o
 .debug_macro   0x00002f66       0x10 ./Src/syscalls.o
 .debug_macro   0x00002f76       0x10 ./Src/syscalls.o
 .debug_macro   0x00002f86       0x10 ./Src/syscalls.o
 .debug_macro   0x00002f96       0x10 ./Src/syscalls.o
 .debug_macro   0x00002fa6       0x1c ./Src/syscalls.o
 .debug_macro   0x00002fc2       0x52 ./Src/syscalls.o
 .debug_macro   0x00003014       0x22 ./Src/syscalls.o
 .debug_macro   0x00003036       0x10 ./Src/syscalls.o
 .debug_macro   0x00003046       0x52 ./Src/syscalls.o
 .debug_macro   0x00003098       0xcf ./Src/syscalls.o
 .debug_macro   0x00003167       0x1c ./Src/syscalls.o
 .debug_macro   0x00003183       0x3d ./Src/syscalls.o
 .debug_macro   0x000031c0       0x35 ./Src/syscalls.o
 .debug_macro   0x000031f5      0x12c ./Src/syscalls.o
 .debug_macro   0x00003321       0x16 ./Src/syscalls.o
 .debug_macro   0x00003337       0x16 ./Src/syscalls.o
 .debug_macro   0x0000334d       0x29 ./Src/syscalls.o
 .debug_macro   0x00003376       0x10 ./Src/syscalls.o
 .debug_macro   0x00003386      0x242 ./Src/syscalls.o
 .debug_macro   0x000035c8       0x1c ./Src/syscalls.o
 .debug_macro   0x000035e4       0x10 ./Src/syscalls.o
 .debug_macro   0x000035f4      0x18a ./Src/syscalls.o
 .debug_macro   0x0000377e       0x16 ./Src/syscalls.o
 .debug_macro   0x00003794       0xce ./Src/syscalls.o
 .debug_macro   0x00003862       0xff ./Src/sysmem.o
 .debug_macro   0x00003961      0x23c ./Src/sysmem.o
 .debug_macro   0x00003b9d       0xc2 ./drivers/Src/stm32f407xx_gpio_driver.o
 .debug_macro   0x00003c5f       0xbe ./drivers/Src/stm32f407xx_gpio_driver.o
 .debug_macro   0x00003d1d       0xc2 ./drivers/Src/stm32f407xx_i2c_driver.o
 .debug_macro   0x00003ddf       0xd0 ./drivers/Src/stm32f407xx_i2c_driver.o
 .debug_macro   0x00003eaf       0xbc ./drivers/Src/stm32f407xx_rcc_driver.o

.debug_line     0x00000000     0x4525
 .debug_line    0x00000000      0x82b ./BSP/ds1307.o
 .debug_line    0x0000082b      0x6ba ./BSP/lcd.o
 .debug_line    0x00000ee5      0x88a ./Src/016_rtc_lcd.o
 .debug_line    0x0000176f      0x8e8 ./Src/syscalls.o
 .debug_line    0x00002057      0x57e ./Src/sysmem.o
 .debug_line    0x000025d5       0x7b ./Startup/startup_stm32f407vgtx.o
 .debug_line    0x00002650      0xac2 ./drivers/Src/stm32f407xx_gpio_driver.o
 .debug_line    0x00003112      0xe0b ./drivers/Src/stm32f407xx_i2c_driver.o
 .debug_line    0x00003f1d      0x608 ./drivers/Src/stm32f407xx_rcc_driver.o

.debug_str      0x00000000     0xd2f0
 .debug_str     0x00000000     0xa1d7 ./BSP/ds1307.o
                               0xa41c (size before relaxing)
 .debug_str     0x0000a1d7      0x225 ./BSP/lcd.o
                               0x7055 (size before relaxing)
 .debug_str     0x0000a3fc      0x6ec ./Src/016_rtc_lcd.o
                               0xa9b9 (size before relaxing)
 .debug_str     0x0000aae8     0x2134 ./Src/syscalls.o
                               0x9933 (size before relaxing)
 .debug_str     0x0000cc1c       0x66 ./Src/sysmem.o
                               0x609d (size before relaxing)
 .debug_str     0x0000cc82       0x81 ./Startup/startup_stm32f407vgtx.o
 .debug_str     0x0000cd03      0x2a7 ./drivers/Src/stm32f407xx_gpio_driver.o
                               0x7116 (size before relaxing)
 .debug_str     0x0000cfaa      0x29e ./drivers/Src/stm32f407xx_i2c_driver.o
                               0x7273 (size before relaxing)
 .debug_str     0x0000d248       0xa8 ./drivers/Src/stm32f407xx_rcc_driver.o
                               0x6f3b (size before relaxing)

.comment        0x00000000       0x43
 .comment       0x00000000       0x43 ./BSP/ds1307.o
                                 0x44 (size before relaxing)
 .comment       0x00000043       0x44 ./BSP/lcd.o
 .comment       0x00000043       0x44 ./Src/016_rtc_lcd.o
 .comment       0x00000043       0x44 ./Src/syscalls.o
 .comment       0x00000043       0x44 ./Src/sysmem.o
 .comment       0x00000043       0x44 ./drivers/Src/stm32f407xx_gpio_driver.o
 .comment       0x00000043       0x44 ./drivers/Src/stm32f407xx_i2c_driver.o
 .comment       0x00000043       0x44 ./drivers/Src/stm32f407xx_rcc_driver.o

.debug_frame    0x00000000     0x146c
 .debug_frame   0x00000000      0x19c ./BSP/ds1307.o
 .debug_frame   0x0000019c      0x18c ./BSP/lcd.o
 .debug_frame   0x00000328      0x140 ./Src/016_rtc_lcd.o
 .debug_frame   0x00000468      0x2d4 ./Src/syscalls.o
 .debug_frame   0x0000073c       0x34 ./Src/sysmem.o
 .debug_frame   0x00000770      0x1c8 ./drivers/Src/stm32f407xx_gpio_driver.o
 .debug_frame   0x00000938      0x420 ./drivers/Src/stm32f407xx_i2c_driver.o
 .debug_frame   0x00000d58       0x78 ./drivers/Src/stm32f407xx_rcc_driver.o
 .debug_frame   0x00000dd0      0x144 D:/ST/STM32CubeIDE_1.16.0/STM32CubeIDE/plugins/com.st.stm32cube.ide.mcu.externaltools.gnu-tools-for-stm32.12.3.rel1.win32_1.0.200.202406191623/tools/bin/../lib/gcc/arm-none-eabi/12.3.1/../../../../arm-none-eabi/lib/thumb/v7e-m/nofp\libc_nano.a(libc_a-findfp.o)
 .debug_frame   0x00000f14       0x34 D:/ST/STM32CubeIDE_1.16.0/STM32CubeIDE/plugins/com.st.stm32cube.ide.mcu.externaltools.gnu-tools-for-stm32.12.3.rel1.win32_1.0.200.202406191623/tools/bin/../lib/gcc/arm-none-eabi/12.3.1/../../../../arm-none-eabi/lib/thumb/v7e-m/nofp\libc_nano.a(libc_a-fwalk.o)
 .debug_frame   0x00000f48       0x3c D:/ST/STM32CubeIDE_1.16.0/STM32CubeIDE/plugins/com.st.stm32cube.ide.mcu.externaltools.gnu-tools-for-stm32.12.3.rel1.win32_1.0.200.202406191623/tools/bin/../lib/gcc/arm-none-eabi/12.3.1/../../../../arm-none-eabi/lib/thumb/v7e-m/nofp\libc_nano.a(libc_a-puts.o)
 .debug_frame   0x00000f84       0x88 D:/ST/STM32CubeIDE_1.16.0/STM32CubeIDE/plugins/com.st.stm32cube.ide.mcu.externaltools.gnu-tools-for-stm32.12.3.rel1.win32_1.0.200.202406191623/tools/bin/../lib/gcc/arm-none-eabi/12.3.1/../../../../arm-none-eabi/lib/thumb/v7e-m/nofp\libc_nano.a(libc_a-stdio.o)
 .debug_frame   0x0000100c       0x40 D:/ST/STM32CubeIDE_1.16.0/STM32CubeIDE/plugins/com.st.stm32cube.ide.mcu.externaltools.gnu-tools-for-stm32.12.3.rel1.win32_1.0.200.202406191623/tools/bin/../lib/gcc/arm-none-eabi/12.3.1/../../../../arm-none-eabi/lib/thumb/v7e-m/nofp\libc_nano.a(libc_a-wbuf.o)
 .debug_frame   0x0000104c       0x2c D:/ST/STM32CubeIDE_1.16.0/STM32CubeIDE/plugins/com.st.stm32cube.ide.mcu.externaltools.gnu-tools-for-stm32.12.3.rel1.win32_1.0.200.202406191623/tools/bin/../lib/gcc/arm-none-eabi/12.3.1/../../../../arm-none-eabi/lib/thumb/v7e-m/nofp\libc_nano.a(libc_a-wsetup.o)
 .debug_frame   0x00001078       0x20 D:/ST/STM32CubeIDE_1.16.0/STM32CubeIDE/plugins/com.st.stm32cube.ide.mcu.externaltools.gnu-tools-for-stm32.12.3.rel1.win32_1.0.200.202406191623/tools/bin/../lib/gcc/arm-none-eabi/12.3.1/../../../../arm-none-eabi/lib/thumb/v7e-m/nofp\libc_nano.a(libc_a-memset.o)
 .debug_frame   0x00001098       0x2c D:/ST/STM32CubeIDE_1.16.0/STM32CubeIDE/plugins/com.st.stm32cube.ide.mcu.externaltools.gnu-tools-for-stm32.12.3.rel1.win32_1.0.200.202406191623/tools/bin/../lib/gcc/arm-none-eabi/12.3.1/../../../../arm-none-eabi/lib/thumb/v7e-m/nofp\libc_nano.a(libc_a-closer.o)
 .debug_frame   0x000010c4       0x38 D:/ST/STM32CubeIDE_1.16.0/STM32CubeIDE/plugins/com.st.stm32cube.ide.mcu.externaltools.gnu-tools-for-stm32.12.3.rel1.win32_1.0.200.202406191623/tools/bin/../lib/gcc/arm-none-eabi/12.3.1/../../../../arm-none-eabi/lib/thumb/v7e-m/nofp\libc_nano.a(libc_a-reent.o)
 .debug_frame   0x000010fc       0x2c D:/ST/STM32CubeIDE_1.16.0/STM32CubeIDE/plugins/com.st.stm32cube.ide.mcu.externaltools.gnu-tools-for-stm32.12.3.rel1.win32_1.0.200.202406191623/tools/bin/../lib/gcc/arm-none-eabi/12.3.1/../../../../arm-none-eabi/lib/thumb/v7e-m/nofp\libc_nano.a(libc_a-lseekr.o)
 .debug_frame   0x00001128       0x2c D:/ST/STM32CubeIDE_1.16.0/STM32CubeIDE/plugins/com.st.stm32cube.ide.mcu.externaltools.gnu-tools-for-stm32.12.3.rel1.win32_1.0.200.202406191623/tools/bin/../lib/gcc/arm-none-eabi/12.3.1/../../../../arm-none-eabi/lib/thumb/v7e-m/nofp\libc_nano.a(libc_a-readr.o)
 .debug_frame   0x00001154       0x2c D:/ST/STM32CubeIDE_1.16.0/STM32CubeIDE/plugins/com.st.stm32cube.ide.mcu.externaltools.gnu-tools-for-stm32.12.3.rel1.win32_1.0.200.202406191623/tools/bin/../lib/gcc/arm-none-eabi/12.3.1/../../../../arm-none-eabi/lib/thumb/v7e-m/nofp\libc_nano.a(libc_a-writer.o)
 .debug_frame   0x00001180       0x20 D:/ST/STM32CubeIDE_1.16.0/STM32CubeIDE/plugins/com.st.stm32cube.ide.mcu.externaltools.gnu-tools-for-stm32.12.3.rel1.win32_1.0.200.202406191623/tools/bin/../lib/gcc/arm-none-eabi/12.3.1/../../../../arm-none-eabi/lib/thumb/v7e-m/nofp\libc_nano.a(libc_a-errno.o)
 .debug_frame   0x000011a0       0x2c D:/ST/STM32CubeIDE_1.16.0/STM32CubeIDE/plugins/com.st.stm32cube.ide.mcu.externaltools.gnu-tools-for-stm32.12.3.rel1.win32_1.0.200.202406191623/tools/bin/../lib/gcc/arm-none-eabi/12.3.1/../../../../arm-none-eabi/lib/thumb/v7e-m/nofp\libc_nano.a(libc_a-init.o)
 .debug_frame   0x000011cc       0xb0 D:/ST/STM32CubeIDE_1.16.0/STM32CubeIDE/plugins/com.st.stm32cube.ide.mcu.externaltools.gnu-tools-for-stm32.12.3.rel1.win32_1.0.200.202406191623/tools/bin/../lib/gcc/arm-none-eabi/12.3.1/../../../../arm-none-eabi/lib/thumb/v7e-m/nofp\libc_nano.a(libc_a-lock.o)
 .debug_frame   0x0000127c       0x38 D:/ST/STM32CubeIDE_1.16.0/STM32CubeIDE/plugins/com.st.stm32cube.ide.mcu.externaltools.gnu-tools-for-stm32.12.3.rel1.win32_1.0.200.202406191623/tools/bin/../lib/gcc/arm-none-eabi/12.3.1/../../../../arm-none-eabi/lib/thumb/v7e-m/nofp\libc_nano.a(libc_a-freer.o)
 .debug_frame   0x000012b4       0x50 D:/ST/STM32CubeIDE_1.16.0/STM32CubeIDE/plugins/com.st.stm32cube.ide.mcu.externaltools.gnu-tools-for-stm32.12.3.rel1.win32_1.0.200.202406191623/tools/bin/../lib/gcc/arm-none-eabi/12.3.1/../../../../arm-none-eabi/lib/thumb/v7e-m/nofp\libc_nano.a(libc_a-mallocr.o)
 .debug_frame   0x00001304       0x30 D:/ST/STM32CubeIDE_1.16.0/STM32CubeIDE/plugins/com.st.stm32cube.ide.mcu.externaltools.gnu-tools-for-stm32.12.3.rel1.win32_1.0.200.202406191623/tools/bin/../lib/gcc/arm-none-eabi/12.3.1/../../../../arm-none-eabi/lib/thumb/v7e-m/nofp\libc_nano.a(libc_a-mlock.o)
 .debug_frame   0x00001334       0x5c D:/ST/STM32CubeIDE_1.16.0/STM32CubeIDE/plugins/com.st.stm32cube.ide.mcu.externaltools.gnu-tools-for-stm32.12.3.rel1.win32_1.0.200.202406191623/tools/bin/../lib/gcc/arm-none-eabi/12.3.1/../../../../arm-none-eabi/lib/thumb/v7e-m/nofp\libc_nano.a(libc_a-fflush.o)
 .debug_frame   0x00001390       0x58 D:/ST/STM32CubeIDE_1.16.0/STM32CubeIDE/plugins/com.st.stm32cube.ide.mcu.externaltools.gnu-tools-for-stm32.12.3.rel1.win32_1.0.200.202406191623/tools/bin/../lib/gcc/arm-none-eabi/12.3.1/../../../../arm-none-eabi/lib/thumb/v7e-m/nofp\libc_nano.a(libc_a-makebuf.o)
 .debug_frame   0x000013e8       0x2c D:/ST/STM32CubeIDE_1.16.0/STM32CubeIDE/plugins/com.st.stm32cube.ide.mcu.externaltools.gnu-tools-for-stm32.12.3.rel1.win32_1.0.200.202406191623/tools/bin/../lib/gcc/arm-none-eabi/12.3.1/../../../../arm-none-eabi/lib/thumb/v7e-m/nofp\libc_nano.a(libc_a-fstatr.o)
 .debug_frame   0x00001414       0x2c D:/ST/STM32CubeIDE_1.16.0/STM32CubeIDE/plugins/com.st.stm32cube.ide.mcu.externaltools.gnu-tools-for-stm32.12.3.rel1.win32_1.0.200.202406191623/tools/bin/../lib/gcc/arm-none-eabi/12.3.1/../../../../arm-none-eabi/lib/thumb/v7e-m/nofp\libc_nano.a(libc_a-isattyr.o)
 .debug_frame   0x00001440       0x2c D:/ST/STM32CubeIDE_1.16.0/STM32CubeIDE/plugins/com.st.stm32cube.ide.mcu.externaltools.gnu-tools-for-stm32.12.3.rel1.win32_1.0.200.202406191623/tools/bin/../lib/gcc/arm-none-eabi/12.3.1/../../../../arm-none-eabi/lib/thumb/v7e-m/nofp\libc_nano.a(libc_a-sbrkr.o)

.debug_line_str
                0x00000000       0x65
 .debug_line_str
                0x00000000       0x65 ./Startup/startup_stm32f407vgtx.o
