../BSP/ds1307.c:22:13:ds1307_i2c_pin_config	24	static
../BSP/ds1307.c:48:13:ds1307_i2c_config	8	static
../BSP/ds1307.c:61:9:ds1307_init	16	static
../BSP/ds1307.c:81:6:ds1307_set_current_time	24	static
../BSP/ds1307.c:104:6:ds1307_set_current_date	16	static
../BSP/ds1307.c:117:6:ds1307_get_current_time	24	static
../BSP/ds1307.c:141:6:ds1307_get_current_date	16	static
../BSP/ds1307.c:153:13:ds1307_write	32	static
../BSP/ds1307.c:160:16:ds1307_read	32	static
../BSP/ds1307.c:171:16:binary_to_bcd	24	static
../BSP/ds1307.c:186:16:bcd_to_binary	24	static
